Component: ARM Compiler 5.06 update 6 (build 750) Tool: armlink [4d35ed]

==============================================================================

Section Cross References

    main.o(.text) refers to launchpad_io.o(.text) for lp_io_set_pin
    main.o(.text) refers to mcp23017.o(.text) for get_button_data
    main.o(.text) refers to debounce.o(.text) for check_debounce
    main.o(.text) refers to adc.o(.text) for generate_adc_read
    main.o(.text) refers to serial_debug.o(.text) for init_serial_debug
    main.o(.text) refers to spi_select.o(.text) for spi_select_init
    main.o(.text) refers to wireless.o(.text) for wireless_initialize
    main.o(.text) refers to lcd.o(.text) for lcd_config_screen
    main.o(.text) refers to ft6x06.o(.text) for ft6x06_init
    main.o(.text) refers to timers.o(.text) for gp_timer_config_16
    main.o(.text) refers to ps2.o(.text) for ps2_initialize
    main.o(.text) refers to pwm.o(.text) for pwm_init
    main.o(.text) refers to malloc.o(i.malloc) for malloc
    main.o(.text) refers to main.o(.data) for xvalue
    main.o(.text) refers to malloc.o(i.free) for free
    main.o(.text) refers to memcpya.o(.text) for __aeabi_memcpy4
    main.o(.text) refers to printstring.o(.text) for lcd_print_stringXY
    main.o(.text) refers to validate_uart.o(.text) for put_string
    main.o(.text) refers to hw3_images.o(.constdata) for shellBitmaps
    main.o(.text) refers to printf6.o(i.__0printf$6) for __2printf
    main.o(.text) refers to printf6.o(i.__0sprintf$6) for __2sprintf
    main.o(.text) refers to rand.o(.text) for rand
    mcp23017.o(.text) refers to i2c.o(.text) for I2CMasterBusy
    mcp23017.o(.text) refers to gpio_port.o(.text) for gpio_enable_port
    debounce.o(.text) refers to debounce.o(.data) for debounce_cnt
    printstring.o(.text) refers to lcd.o(.text) for lcd_set_pos
    printstring.o(.text) refers to strlen.o(.text) for strlen
    printstring.o(.text) refers to printstring.o(.constdata) for courierNewBitmap
    pwm.o(.text) refers to gpio_port.o(.text) for gpio_config_alternate_function
    pc_buffer.o(.text) refers to malloc.o(i.malloc) for malloc
    lcd.o(.text) refers to lcd.o(i.lcd_write_data_u16) for lcd_write_data_u16
    lcd.o(.text) refers to gpio_port.o(.text) for gpio_enable_port
    ps2.o(.text) refers to gpio_port.o(.text) for gpio_enable_port
    ps2.o(.text) refers to adc.o(.text) for initialize_adc_ss2_IRQ
    serial_debug.o(.text) refers to gpio_port.o(.text) for gpio_enable_port
    serial_debug.o(.text) refers to pc_buffer.o(.text) for pc_buffer_init
    serial_debug.o(.text) refers to uart.o(.text) for uart_init
    serial_debug.o(.text) refers to main.o(.text) for DisableInterrupts
    serial_debug.o(.text) refers to serial_debug.o(.data) for Rx_Interrupts_Enabled
    serial_debug.o(.text) refers to serial_debug.o(.bss) for UART0_Tx_Buffer
    serial_debug.o(.text) refers to stdout.o(.data) for __stdout
    ft6x06.o(.text) refers to i2c.o(.text) for I2CMasterBusy
    ft6x06.o(.text) refers to gpio_port.o(.text) for gpio_enable_port
    wireless.o(.text) refers to spi.o(.text) for spiTx
    wireless.o(.text) refers to gpio_port.o(.text) for gpio_enable_port
    wireless.o(.text) refers to printf6.o(i.__0printf$6) for __2printf
    wireless.o(.data) refers to wireless.o(.conststring) for .conststring
    spi_select.o(.text) refers to gpio_port.o(.text) for gpio_enable_port
    startup_tm4c123.o(RESET) refers to startup_tm4c123.o(STACK) for __initial_sp
    startup_tm4c123.o(RESET) refers to startup_tm4c123.o(.text) for Reset_Handler
    startup_tm4c123.o(RESET) refers to serial_debug.o(.text) for UART0_Handler
    startup_tm4c123.o(RESET) refers to main.o(.text) for ADC0SS2_Handler
    startup_tm4c123.o(.text) refers to system_tm4c123.o(.text) for SystemInit
    startup_tm4c123.o(.text) refers to entry.o(.ARM.Collect$$$$00000000) for __main
    system_tm4c123.o(.text) refers to system_tm4c123.o(.data) for SystemCoreClock
    validate_uart.o(.text) refers to printf6.o(i.__0sprintf$6) for __2sprintf
    validate_uart.o(.text) refers to validate_sysctl.o(.text) for validate_uart_rcgc
    validate_uart.o(.text) refers to validate_uart.o(.conststring) for .conststring
    entry.o(.ARM.Collect$$$$00000000) refers (Special) to entry10a.o(.ARM.Collect$$$$0000000D) for __rt_final_cpp
    entry.o(.ARM.Collect$$$$00000000) refers (Special) to entry11a.o(.ARM.Collect$$$$0000000F) for __rt_final_exit
    entry.o(.ARM.Collect$$$$00000000) refers (Special) to entry7b.o(.ARM.Collect$$$$00000008) for _main_clock
    entry.o(.ARM.Collect$$$$00000000) refers (Special) to entry8b.o(.ARM.Collect$$$$0000000A) for _main_cpp_init
    entry.o(.ARM.Collect$$$$00000000) refers (Special) to entry9a.o(.ARM.Collect$$$$0000000B) for _main_init
    entry.o(.ARM.Collect$$$$00000000) refers (Special) to entry5.o(.ARM.Collect$$$$00000004) for _main_scatterload
    entry.o(.ARM.Collect$$$$00000000) refers (Special) to entry2.o(.ARM.Collect$$$$00000001) for _main_stk
[...]
    printf0.o(i.__0sprintf$0) refers to printf0.o(i._sputc) for _sputc
    printf0.o(i.__0vfprintf$0) refers to printf0.o(i._printf_core) for _printf_core
    printf0.o(i.__0vfprintf$0) refers to serial_debug.o(.text) for fputc
    printf0.o(i.__0vprintf$0) refers to printf0.o(i._printf_core) for _printf_core
    printf0.o(i.__0vprintf$0) refers to serial_debug.o(.text) for fputc
    printf0.o(i.__0vprintf$0) refers to stdout.o(.data) for __stdout
    printf0.o(i.__0vsnprintf$0) refers to printf0.o(i._printf_core) for _printf_core
    printf0.o(i.__0vsnprintf$0) refers to printf0.o(i._snputc) for _snputc
    printf0.o(i.__0vsprintf$0) refers to printf0.o(i._printf_core) for _printf_core
    printf0.o(i.__0vsprintf$0) refers to printf0.o(i._sputc) for _sputc
    printf1.o(i.__0fprintf$1) refers to printf1.o(i._printf_core) for _printf_core
    printf1.o(i.__0fprintf$1) refers to serial_debug.o(.text) for fputc
    printf1.o(i.__0printf$1) refers to printf1.o(i._printf_core) for _printf_core
    printf1.o(i.__0printf$1) refers to serial_debug.o(.text) for fputc
    printf1.o(i.__0printf$1) refers to stdout.o(.data) for __stdout
    printf1.o(i.__0snprintf$1) refers to printf1.o(i._printf_core) for _printf_core
    printf1.o(i.__0snprintf$1) refers to printf1.o(i._snputc) for _snputc
    printf1.o(i.__0sprintf$1) refers to printf1.o(i._printf_core) for _printf_core
    printf1.o(i.__0sprintf$1) refers to printf1.o(i._sputc) for _sputc
    printf1.o(i.__0vfprintf$1) refers to printf1.o(i._printf_core) for _printf_core
    printf1.o(i.__0vfprintf$1) refers to serial_debug.o(.text) for fputc
    printf1.o(i.__0vprintf$1) refers to printf1.o(i._printf_core) for _printf_core
    printf1.o(i.__0vprintf$1) refers to serial_debug.o(.text) for fputc
    printf1.o(i.__0vprintf$1) refers to stdout.o(.data) for __stdout
    printf1.o(i.__0vsnprintf$1) refers to printf1.o(i._printf_core) for _printf_core
    printf1.o(i.__0vsnprintf$1) refers to printf1.o(i._snputc) for _snputc
    printf1.o(i.__0vsprintf$1) refers to printf1.o(i._printf_core) for _printf_core
    printf1.o(i.__0vsprintf$1) refers to printf1.o(i._sputc) for _sputc
    printf1.o(i._printf_core) refers to uidiv.o(.text) for __aeabi_uidivmod
    printf2.o(i.__0fprintf$2) refers to printf2.o(i._printf_core) for _printf_core
    printf2.o(i.__0fprintf$2) refers to serial_debug.o(.text) for fputc
    printf2.o(i.__0printf$2) refers to printf2.o(i._printf_core) for _printf_core
    printf2.o(i.__0printf$2) refers to serial_debug.o(.text) for fputc
    printf2.o(i.__0printf$2) refers to stdout.o(.data) for __stdout
    printf2.o(i.__0snprintf$2) refers to printf2.o(i._printf_core) for _printf_core
    printf2.o(i.__0snprintf$2) refers to printf2.o(i._snputc) for _snputc
    printf2.o(i.__0sprintf$2) refers to printf2.o(i._printf_core) for _printf_core
    printf2.o(i.__0sprintf$2) refers to printf2.o(i._sputc) for _sputc
    printf2.o(i.__0vfprintf$2) refers to printf2.o(i._printf_core) for _printf_core
    printf2.o(i.__0vfprintf$2) refers to serial_debug.o(.text) for fputc
    printf2.o(i.__0vprintf$2) refers to printf2.o(i._printf_core) for _printf_core
    printf2.o(i.__0vprintf$2) refers to serial_debug.o(.text) for fputc
    printf2.o(i.__0vprintf$2) refers to stdout.o(.data) for __stdout
    printf2.o(i.__0vsnprintf$2) refers to printf2.o(i._printf_core) for _printf_core
    printf2.o(i.__0vsnprintf$2) refers to printf2.o(i._snputc) for _snputc
    printf2.o(i.__0vsprintf$2) refers to printf2.o(i._printf_core) for _printf_core
    printf2.o(i.__0vsprintf$2) refers to printf2.o(i._sputc) for _sputc
    printf3.o(i.__0fprintf$3) refers to printf3.o(i._printf_core) for _printf_core
    printf3.o(i.__0fprintf$3) refers to serial_debug.o(.text) for fputc
    printf3.o(i.__0printf$3) refers to printf3.o(i._printf_core) for _printf_core
    printf3.o(i.__0printf$3) refers to serial_debug.o(.text) for fputc
    printf3.o(i.__0printf$3) refers to stdout.o(.data) for __stdout
    printf3.o(i.__0snprintf$3) refers to printf3.o(i._printf_core) for _printf_core
    printf3.o(i.__0snprintf$3) refers to printf3.o(i._snputc) for _snputc
    printf3.o(i.__0sprintf$3) refers to printf3.o(i._printf_core) for _printf_core
    printf3.o(i.__0sprintf$3) refers to printf3.o(i._sputc) for _sputc
    printf3.o(i.__0vfprintf$3) refers to printf3.o(i._printf_core) for _printf_core
    printf3.o(i.__0vfprintf$3) refers to serial_debug.o(.text) for fputc
    printf3.o(i.__0vprintf$3) refers to printf3.o(i._printf_core) for _printf_core
    printf3.o(i.__0vprintf$3) refers to serial_debug.o(.text) for fputc
    printf3.o(i.__0vprintf$3) refers to stdout.o(.data) for __stdout
    printf3.o(i.__0vsnprintf$3) refers to printf3.o(i._printf_core) for _printf_core
    printf3.o(i.__0vsnprintf$3) refers to printf3.o(i._snputc) for _snputc
    printf3.o(i.__0vsprintf$3) refers to printf3.o(i._printf_core) for _printf_core
    printf3.o(i.__0vsprintf$3) refers to printf3.o(i._sputc) for _sputc
    printf3.o(i._printf_core) refers to uidiv.o(.text) for __aeabi_uidivmod
    printf4.o(i.__0fprintf$4) refers to printf4.o(i._printf_core) for _printf_core
    printf4.o(i.__0fprintf$4) refers to serial_debug.o(.text) for fputc
    printf4.o(i.__0printf$4) refers to printf4.o(i._printf_core) for _printf_core
    printf4.o(i.__0printf$4) refers to serial_debug.o(.text) for fputc
    printf4.o(i.__0printf$4) refers to stdout.o(.data) for __stdout
    printf4.o(i.__0snprintf$4) refers to printf4.o(i._printf_core) for _printf_core
    printf4.o(i.__0snprintf$4) refers to printf4.o(i._snputc) for _snputc
    printf4.o(i.__0sprintf$4) refers to printf4.o(i._printf_core) for _printf_core
    printf4.o(i.__0sprintf$4) refers to printf4.o(i._sputc) for _sputc
    printf4.o(i.__0vfprintf$4) refers to printf4.o(i._printf_core) for _printf_core
    printf4.o(i.__0vfprintf$4) refers to serial_debug.o(.text) for fputc
    printf4.o(i.__0vprintf$4) refers to printf4.o(i._printf_core) for _printf_core
    printf4.o(i.__0vprintf$4) refers to serial_debug.o(.text) for fputc
    printf4.o(i.__0vprintf$4) refers to stdout.o(.data) for __stdout
    printf4.o(i.__0vsnprintf$4) refers to printf4.o(i._printf_core) for _printf_core
    printf4.o(i.__0vsnprintf$4) refers to printf4.o(i._snputc) for _snputc
    printf4.o(i.__0vsprintf$4) refers to printf4.o(i._printf_core) for _printf_core
    printf4.o(i.__0vsprintf$4) refers to printf4.o(i._sputc) for _sputc
    printf4.o(i._printf_core) refers to uldiv.o(.text) for __aeabi_uldivmod
    printf5.o(i.__0fprintf$5) refers to printf5.o(i._printf_core) for _printf_core
    printf5.o(i.__0fprintf$5) refers to serial_debug.o(.text) for fputc
    printf5.o(i.__0printf$5) refers to printf5.o(i._printf_core) for _printf_core
    printf5.o(i.__0printf$5) refers to serial_debug.o(.text) for fputc
    printf5.o(i.__0printf$5) refers to stdout.o(.data) for __stdout
    printf5.o(i.__0snprintf$5) refers to printf5.o(i._printf_core) for _printf_core
    printf5.o(i.__0snprintf$5) refers to printf5.o(i._snputc) for _snputc
    printf5.o(i.__0sprintf$5) refers to printf5.o(i._printf_core) for _printf_core
    printf5.o(i.__0sprintf$5) refers to printf5.o(i._sputc) for _sputc
    printf5.o(i.__0vfprintf$5) refers to printf5.o(i._printf_core) for _printf_core
    printf5.o(i.__0vfprintf$5) refers to serial_debug.o(.text) for fputc
    printf5.o(i.__0vprintf$5) refers to printf5.o(i._printf_core) for _printf_core
    printf5.o(i.__0vprintf$5) refers to serial_debug.o(.text) for fputc
    printf5.o(i.__0vprintf$5) refers to stdout.o(.data) for __stdout
    printf5.o(i.__0vsnprintf$5) refers to printf5.o(i._printf_core) for _printf_core
    printf5.o(i.__0vsnprintf$5) refers to printf5.o(i._snputc) for _snputc
    printf5.o(i.__0vsprintf$5) refers to printf5.o(i._printf_core) for _printf_core
    printf5.o(i.__0vsprintf$5) refers to printf5.o(i._sputc) for _sputc
    printf5.o(i._printf_core) refers to uldiv.o(.text) for __aeabi_uldivmod
    printf6.o(i.__0fprintf$6) refers to printf6.o(i._printf_core) for _printf_core
    printf6.o(i.__0fprintf$6) refers to serial_debug.o(.text) for fputc
    printf6.o(i.__0printf$6) refers to printf6.o(i._printf_core) for _printf_core
    printf6.o(i.__0printf$6) refers to serial_debug.o(.text) for fputc
    printf6.o(i.__0printf$6) refers to stdout.o(.data) for __stdout
    printf6.o(i.__0snprintf$6) refers to printf6.o(i._printf_core) for _printf_core
    printf6.o(i.__0snprintf$6) refers to printf6.o(i._snputc) for _snputc
    printf6.o(i.__0sprintf$6) refers to printf6.o(i._printf_core) for _printf_core
    printf6.o(i.__0sprintf$6) refers to printf6.o(i._sputc) for _sputc
    printf6.o(i.__0vfprintf$6) refers to printf6.o(i._printf_core) for _printf_core
    printf6.o(i.__0vfprintf$6) refers to serial_debug.o(.text) for fputc
    printf6.o(i.__0vprintf$6) refers to printf6.o(i._printf_core) for _printf_core
    printf6.o(i.__0vprintf$6) refers to serial_debug.o(.text) for fputc
    printf6.o(i.__0vprintf$6) refers to stdout.o(.data) for __stdout
    printf6.o(i.__0vsnprintf$6) refers to printf6.o(i._printf_core) for _printf_core
    printf6.o(i.__0vsnprintf$6) refers to printf6.o(i._snputc) for _snputc
    printf6.o(i.__0vsprintf$6) refers to printf6.o(i._printf_core) for _printf_core
    printf6.o(i.__0vsprintf$6) refers to printf6.o(i._sputc) for _sputc
    printf6.o(i._printf_core) refers to printf6.o(i._printf_pre_padding) for _printf_pre_padding
    printf6.o(i._printf_core) refers to uidiv.o(.text) for __aeabi_uidivmod
    printf6.o(i._printf_core) refers to printf6.o(i._printf_post_padding) for _printf_post_padding
    printf7.o(i.__0fprintf$7) refers to printf7.o(i._printf_core) for _printf_core
    printf7.o(i.__0fprintf$7) refers to serial_debug.o(.text) for fputc
    printf7.o(i.__0printf$7) refers to printf7.o(i._printf_core) for _printf_core
    printf7.o(i.__0printf$7) refers to serial_debug.o(.text) for fputc
    printf7.o(i.__0printf$7) refers to stdout.o(.data) for __stdout
    printf7.o(i.__0snprintf$7) refers to printf7.o(i._printf_core) for _printf_core
    printf7.o(i.__0snprintf$7) refers to printf7.o(i._snputc) for _snputc
    printf7.o(i.__0sprintf$7) refers to printf7.o(i._printf_core) for _printf_core
    printf7.o(i.__0sprintf$7) refers to printf7.o(i._sputc) for _sputc
    printf7.o(i.__0vfprintf$7) refers to printf7.o(i._printf_core) for _printf_core
    printf7.o(i.__0vfprintf$7) refers to serial_debug.o(.text) for fputc
    printf7.o(i.__0vprintf$7) refers to printf7.o(i._printf_core) for _printf_core
    printf7.o(i.__0vprintf$7) refers to serial_debug.o(.text) for fputc
    printf7.o(i.__0vprintf$7) refers to stdout.o(.data) for __stdout
    printf7.o(i.__0vsnprintf$7) refers to printf7.o(i._printf_core) for _printf_core
    printf7.o(i.__0vsnprintf$7) refers to printf7.o(i._snputc) for _snputc
    printf7.o(i.__0vsprintf$7) refers to printf7.o(i._printf_core) for _printf_core
    printf7.o(i.__0vsprintf$7) refers to printf7.o(i._sputc) for _sputc
    printf7.o(i._printf_core) refers to printf7.o(i._printf_pre_padding) for _printf_pre_padding
    printf7.o(i._printf_core) refers to uldiv.o(.text) for __aeabi_uldivmod
    printf7.o(i._printf_core) refers to printf7.o(i._printf_post_padding) for _printf_post_padding
    printf8.o(i.__0fprintf$8) refers to printf8.o(i._printf_core) for _printf_core
    printf8.o(i.__0fprintf$8) refers to serial_debug.o(.text) for fputc
    printf8.o(i.__0printf$8) refers to printf8.o(i._printf_core) for _printf_core
    printf8.o(i.__0printf$8) refers to serial_debug.o(.text) for fputc
    printf8.o(i.__0printf$8) refers to stdout.o(.data) for __stdout
    printf8.o(i.__0snprintf$8) refers to printf8.o(i._printf_core) for _printf_core
    printf8.o(i.__0snprintf$8) refers to printf8.o(i._snputc) for _snputc
    printf8.o(i.__0sprintf$8) refers to printf8.o(i._printf_core) for _printf_core
    printf8.o(i.__0sprintf$8) refers to printf8.o(i._sputc) for _sputc
    printf8.o(i.__0vfprintf$8) refers to printf8.o(i._printf_core) for _printf_core
    printf8.o(i.__0vfprintf$8) refers to serial_debug.o(.text) for fputc
    printf8.o(i.__0vprintf$8) refers to printf8.o(i._printf_core) for _printf_core
    printf8.o(i.__0vprintf$8) refers to serial_debug.o(.text) for fputc
    printf8.o(i.__0vprintf$8) refers to stdout.o(.data) for __stdout
    printf8.o(i.__0vsnprintf$8) refers to printf8.o(i._printf_core) for _printf_core
    printf8.o(i.__0vsnprintf$8) refers to printf8.o(i._snputc) for _snputc
    printf8.o(i.__0vsprintf$8) refers to printf8.o(i._printf_core) for _printf_core
    printf8.o(i.__0vsprintf$8) refers to printf8.o(i._sputc) for _sputc
    printf8.o(i._printf_core) refers to printf8.o(i._printf_pre_padding) for _printf_pre_padding
    printf8.o(i._printf_core) refers to uldiv.o(.text) for __aeabi_uldivmod
    printf8.o(i._printf_core) refers to printf8.o(i._printf_post_padding) for _printf_post_padding
    printfa.o(i.__0fprintf) refers (Special) to iusefp.o(.text) for __I$use$fp
    printfa.o(i.__0fprintf) refers to printfa.o(i._printf_core) for _printf_core
    printfa.o(i.__0fprintf) refers to serial_debug.o(.text) for fputc
    printfa.o(i.__0printf) refers (Special) to iusefp.o(.text) for __I$use$fp
    printfa.o(i.__0printf) refers to printfa.o(i._printf_core) for _printf_core
    printfa.o(i.__0printf) refers to serial_debug.o(.text) for fputc
    printfa.o(i.__0printf) refers to stdout.o(.data) for __stdout
    printfa.o(i.__0snprintf) refers (Special) to iusefp.o(.text) for __I$use$fp
    printfa.o(i.__0snprintf) refers to printfa.o(i._printf_core) for _printf_core
    printfa.o(i.__0snprintf) refers to printfa.o(i._snputc) for _snputc
    printfa.o(i.__0sprintf) refers (Special) to iusefp.o(.text) for __I$use$fp
    printfa.o(i.__0sprintf) refers to printfa.o(i._printf_core) for _printf_core
    printfa.o(i.__0sprintf) refers to printfa.o(i._sputc) for _sputc
    printfa.o(i.__0vfprintf) refers (Special) to iusefp.o(.text) for __I$use$fp
    printfa.o(i.__0vfprintf) refers to printfa.o(i._printf_core) for _printf_core
    printfa.o(i.__0vfprintf) refers to serial_debug.o(.text) for fputc
    printfa.o(i.__0vprintf) refers (Special) to iusefp.o(.text) for __I$use$fp
    printfa.o(i.__0vprintf) refers to printfa.o(i._printf_core) for _printf_core
    printfa.o(i.__0vprintf) refers to serial_debug.o(.text) for fputc
    printfa.o(i.__0vprintf) refers to stdout.o(.data) for __stdout
    printfa.o(i.__0vsnprintf) refers (Special) to iusefp.o(.text) for __I$use$fp
    printfa.o(i.__0vsnprintf) refers to printfa.o(i._printf_core) for _printf_core
    printfa.o(i.__0vsnprintf) refers to printfa.o(i._snputc) for _snputc
    printfa.o(i.__0vsprintf) refers (Special) to iusefp.o(.text) for __I$use$fp
    printfa.o(i.__0vsprintf) refers to printfa.o(i._printf_core) for _printf_core
    printfa.o(i.__0vsprintf) refers to printfa.o(i._sputc) for _sputc
    printfa.o(i._fp_digits) refers (Special) to iusefp.o(.text) for __I$use$fp
    printfa.o(i._fp_digits) refers to dmul.o(.text) for __aeabi_dmul
    printfa.o(i._fp_digits) refers to ddiv.o(.text) for __aeabi_ddiv
    printfa.o(i._fp_digits) refers to cdrcmple.o(.text) for __aeabi_cdrcmple
    printfa.o(i._fp_digits) refers to dadd.o(.text) for __aeabi_dadd
    printfa.o(i._fp_digits) refers to dfixul.o(.text) for __aeabi_d2ulz
    printfa.o(i._fp_digits) refers to uldiv.o(.text) for __aeabi_uldivmod
    printfa.o(i._printf_core) refers (Special) to iusefp.o(.text) for __I$use$fp
    printfa.o(i._printf_core) refers to printfa.o(i._printf_pre_padding) for _printf_pre_padding
    printfa.o(i._printf_core) refers to uldiv.o(.text) for __aeabi_uldivmod
    printfa.o(i._printf_core) refers to printfa.o(i._printf_post_padding) for _printf_post_padding
    printfa.o(i._printf_core) refers to printfa.o(i._fp_digits) for _fp_digits
    printfa.o(i._printf_core) refers to uidiv.o(.text) for __aeabi_uidivmod
    printfa.o(i._printf_post_padding) refers (Special) to iusefp.o(.text) for __I$use$fp
    printfa.o(i._printf_pre_padding) refers (Special) to iusefp.o(.text) for __I$use$fp
    printfa.o(i._snputc) refers (Special) to iusefp.o(.text) for __I$use$fp
    printfa.o(i._sputc) refers (Special) to iusefp.o(.text) for __I$use$fp
    malloc.o(i.free) refers to mvars.o(.data) for __microlib_freelist
    malloc.o(i.malloc) refers to mvars.o(.data) for __microlib_freelist_initialised
    malloc.o(i.malloc) refers to mvars.o(.data) for __microlib_freelist
    malloc.o(i.malloc) refers to startup_tm4c123.o(HEAP) for __heap_base
    mallocr.o(i.__free$realloc) refers to mvars.o(.data) for __microlib_freelist
    mallocr.o(i.__malloc$realloc) refers to mallocr.o(i.internal_alloc) for internal_alloc
    mallocr.o(i.__malloc$realloc) refers to mvars.o(.data) for __microlib_freelist_initialised
    mallocr.o(i.__malloc$realloc) refers to startup_tm4c123.o(HEAP) for __heap_base
    mallocr.o(i.__malloc$realloc) refers to mvars.o(.data) for __microlib_freelist
    mallocr.o(i.internal_alloc) refers to memcpya.o(.text) for __aeabi_memcpy
    mallocr.o(i.internal_alloc) refers to mvars.o(.data) for __microlib_freelist
    mallocr.o(i.realloc) refers to mallocr.o(i.__free$realloc) for __free$realloc
    mallocr.o(i.realloc) refers to mallocr.o(i.internal_alloc) for internal_alloc
    mallocr.o(i.realloc) refers to mallocr.o(i.__malloc$realloc) for __malloc$realloc
    mallocr.o(i.realloc) refers to mvars.o(.data) for __microlib_freelist
    malloca.o(i.__aligned_malloc) refers to mvars.o(.data) for __microlib_freelist_initialised
    malloca.o(i.__aligned_malloc) refers to mvars.o(.data) for __microlib_freelist
    malloca.o(i.__aligned_malloc) refers to startup_tm4c123.o(HEAP) for __heap_base
    malloca.o(i.__free$memalign) refers to mvars.o(.data) for __microlib_freelist
    malloca.o(i.__malloc$memalign) refers to malloca.o(i.__aligned_malloc) for __aligned_malloc
    mallocra.o(i.__aligned_malloc$realloc) refers to mallocra.o(i.internal_alloc) for internal_alloc
    mallocra.o(i.__aligned_malloc$realloc) refers to mvars.o(.data) for __microlib_freelist_initialised
    mallocra.o(i.__aligned_malloc$realloc) refers to startup_tm4c123.o(HEAP) for __heap_base
    mallocra.o(i.__aligned_malloc$realloc) refers to mvars.o(.data) for __microlib_freelist
    mallocra.o(i.__free$realloc$memalign) refers to mvars.o(.data) for __microlib_freelist
    mallocra.o(i.__malloc$realloc$memalign) refers to mallocra.o(i.__aligned_malloc$realloc) for __aligned_malloc$realloc
    mallocra.o(i.__realloc$memalign) refers to mallocra.o(i.__free$realloc$memalign) for __free$realloc$memalign
    mallocra.o(i.__realloc$memalign) refers to mallocra.o(i.internal_alloc) for internal_alloc
    mallocra.o(i.__realloc$memalign) refers to mallocra.o(i.__malloc$realloc$memalign) for __malloc$realloc$memalign
    mallocra.o(i.__realloc$memalign) refers to mvars.o(.data) for __microlib_freelist
    mallocra.o(i.internal_alloc) refers to memcpya.o(.text) for __aeabi_memcpy
    mallocra.o(i.internal_alloc) refers to mvars.o(.data) for __microlib_freelist
    entry2.o(.ARM.Collect$$$$00000001) refers to entry2.o(.ARM.Collect$$$$00002712) for __lit__00000000
    entry2.o(.ARM.Collect$$$$00002712) refers to startup_tm4c123.o(STACK) for __initial_sp
    entry2.o(__vectab_stack_and_reset_area) refers to startup_tm4c123.o(STACK) for __initial_sp
    entry2.o(__vectab_stack_and_reset_area) refers to entry.o(.ARM.Collect$$$$00000000) for __main
    entry5.o(.ARM.Collect$$$$00000004) refers to init.o(.text) for __scatterload
    entry9a.o(.ARM.Collect$$$$0000000B) refers to main.o(.text) for main
    entry9b.o(.ARM.Collect$$$$0000000C) refers to main.o(.text) for main
    uldiv.o(.text) refers to llushr.o(.text) for __aeabi_llsr
    uldiv.o(.text) refers to llshl.o(.text) for __aeabi_llsl
    dadd.o(.text) refers to llshl.o(.text) for __aeabi_llsl
    dadd.o(.text) refers to llsshr.o(.text) for __aeabi_lasr
    dadd.o(.text) refers to depilogue.o(.text) for _double_epilogue
    dmul.o(.text) refers to depilogue.o(.text) for _double_epilogue
    ddiv.o(.text) refers to depilogue.o(.text) for _double_round
    dfixul.o(.text) refers to llushr.o(.text) for __aeabi_llsr
    dfixul.o(.text) refers to llshl.o(.text) for __aeabi_llsl
    init.o(.text) refers to entry5.o(.ARM.Collect$$$$00000004) for __main_after_scatterload
    depilogue.o(.text) refers to llshl.o(.text) for __aeabi_llsl
    depilogue.o(.text) refers to llushr.o(.text) for __aeabi_llsr


==============================================================================

Removing Unused input sections from the image.

    Removing main.o(.rev16_text), (4 bytes).
    Removing main.o(.revsh_text), (4 bytes).
    Removing main.o(.rrx_text), (6 bytes).
    Removing mcp23017.o(.rev16_text), (4 bytes).
    Removing mcp23017.o(.revsh_text), (4 bytes).
    Removing mcp23017.o(.rrx_text), (6 bytes).
    Removing debounce.o(.rev16_text), (4 bytes).
    Removing debounce.o(.revsh_text), (4 bytes).
    Removing debounce.o(.rrx_text), (6 bytes).
    Removing printstring.o(.rev16_text), (4 bytes).
    Removing printstring.o(.revsh_text), (4 bytes).
    Removing printstring.o(.rrx_text), (6 bytes).
    Removing pwm.o(.rev16_text), (4 bytes).
    Removing pwm.o(.revsh_text), (4 bytes).
    Removing pwm.o(.rrx_text), (6 bytes).
    Removing adc.o(.rev16_text), (4 bytes).
    Removing adc.o(.revsh_text), (4 bytes).
    Removing adc.o(.rrx_text), (6 bytes).
    Removing gpio_port.o(.rev16_text), (4 bytes).
    Removing gpio_port.o(.revsh_text), (4 bytes).
    Removing gpio_port.o(.rrx_text), (6 bytes).
    Removing timers.o(.rev16_text), (4 bytes).
    Removing timers.o(.revsh_text), (4 bytes).
    Removing timers.o(.rrx_text), (6 bytes).
    Removing i2c.o(.rev16_text), (4 bytes).
    Removing i2c.o(.revsh_text), (4 bytes).
    Removing i2c.o(.rrx_text), (6 bytes).
    Removing uart.o(.rev16_text), (4 bytes).
    Removing uart.o(.revsh_text), (4 bytes).
    Removing uart.o(.rrx_text), (6 bytes).
    Removing launchpad_io.o(.rev16_text), (4 bytes).
    Removing launchpad_io.o(.revsh_text), (4 bytes).
    Removing launchpad_io.o(.rrx_text), (6 bytes).
    Removing lcd.o(.rev16_text), (4 bytes).
    Removing lcd.o(.revsh_text), (4 bytes).
    Removing lcd.o(.rrx_text), (6 bytes).
    Removing ps2.o(.rev16_text), (4 bytes).
    Removing ps2.o(.revsh_text), (4 bytes).
    Removing ps2.o(.rrx_text), (6 bytes).
    Removing serial_debug.o(.rev16_text), (4 bytes).
    Removing serial_debug.o(.revsh_text), (4 bytes).
    Removing serial_debug.o(.rrx_text), (6 bytes).
    Removing ft6x06.o(.rev16_text), (4 bytes).
    Removing ft6x06.o(.revsh_text), (4 bytes).
    Removing ft6x06.o(.rrx_text), (6 bytes).
    Removing wireless.o(.rev16_text), (4 bytes).
    Removing wireless.o(.revsh_text), (4 bytes).
    Removing wireless.o(.rrx_text), (6 bytes).
    Removing wireless.o(.conststring), (125 bytes).
    Removing wireless.o(.data), (24 bytes).
    Removing spi.o(.rev16_text), (4 bytes).
    Removing spi.o(.revsh_text), (4 bytes).
    Removing spi.o(.rrx_text), (6 bytes).
    Removing spi_select.o(.rev16_text), (4 bytes).
    Removing spi_select.o(.revsh_text), (4 bytes).
    Removing spi_select.o(.rrx_text), (6 bytes).
    Removing system_tm4c123.o(.rev16_text), (4 bytes).
    Removing system_tm4c123.o(.revsh_text), (4 bytes).
    Removing system_tm4c123.o(.rrx_text), (6 bytes).
    Removing validate_uart.o(.rev16_text), (4 bytes).
    Removing validate_uart.o(.revsh_text), (4 bytes).
    Removing validate_uart.o(.rrx_text), (6 bytes).
    Removing validate_sysctl.o(.rev16_text), (4 bytes).
    Removing validate_sysctl.o(.revsh_text), (4 bytes).
    Removing validate_sysctl.o(.rrx_text), (6 bytes).
    Removing dadd.o(.text), (334 bytes).
    Removing dmul.o(.text), (228 bytes).
    Removing ddiv.o(.text), (222 bytes).
    Removing dfixul.o(.text), (48 bytes).
    Removing cdrcmple.o(.text), (48 bytes).
    Removing depilogue.o(.text), (186 bytes).

71 unused section(s) (total 1509 bytes) removed from the image.

==============================================================================

Image Symbol Table

    Local Symbols

    Symbol Name                              Value     Ov Type        Size  Object(Section)

    RESET                                    0x00000000   Section      620  startup_tm4c123.o(RESET)
    ../clib/microlib/division.c              0x00000000   Number         0  uldiv.o ABSOLUTE
    ../clib/microlib/division.c              0x00000000   Number         0  uidiv.o ABSOLUTE
    ../clib/microlib/init/entry.s            0x00000000   Number         0  entry7b.o ABSOLUTE
    ../clib/microlib/init/entry.s            0x00000000   Number         0  entry7a.o ABSOLUTE
    ../clib/microlib/init/entry.s            0x00000000   Number         0  entry10b.o ABSOLUTE
    ../clib/microlib/init/entry.s            0x00000000   Number         0  entry10a.o ABSOLUTE
    ../clib/microlib/init/entry.s            0x00000000   Number         0  entry9b.o ABSOLUTE
    ../clib/microlib/init/entry.s            0x00000000   Number         0  entry8b.o ABSOLUTE
    ../clib/microlib/init/entry.s            0x00000000   Number         0  entry9a.o ABSOLUTE
    ../clib/microlib/init/entry.s            0x00000000   Number         0  entry11a.o ABSOLUTE
    ../clib/microlib/init/entry.s            0x00000000   Number         0  entry.o ABSOLUTE
    ../clib/microlib/init/entry.s            0x00000000   Number         0  entry11b.o ABSOLUTE
    ../clib/microlib/init/entry.s            0x00000000   Number         0  entry8a.o ABSOLUTE
    ../clib/microlib/init/entry.s            0x00000000   Number         0  entry2.o ABSOLUTE
    ../clib/microlib/init/entry.s            0x00000000   Number         0  entry5.o ABSOLUTE
    ../clib/microlib/longlong.c              0x00000000   Number         0  llsshr.o ABSOLUTE
    ../clib/microlib/longlong.c              0x00000000   Number         0  llushr.o ABSOLUTE
    ../clib/microlib/longlong.c              0x00000000   Number         0  llshl.o ABSOLUTE
    ../clib/microlib/malloc/malloc.c         0x00000000   Number         0  malloc.o ABSOLUTE
    ../clib/microlib/malloc/malloc.c         0x00000000   Number         0  mallocr.o ABSOLUTE
    ../clib/microlib/malloc/malloc.c         0x00000000   Number         0  mallocra.o ABSOLUTE
    ../clib/microlib/malloc/malloc.c         0x00000000   Number         0  malloca.o ABSOLUTE
    ../clib/microlib/malloc/mvars.c          0x00000000   Number         0  mvars.o ABSOLUTE
    ../clib/microlib/printf/printf.c         0x00000000   Number         0  printfb.o ABSOLUTE
    ../clib/microlib/printf/printf.c         0x00000000   Number         0  printf0.o ABSOLUTE
    ../clib/microlib/printf/printf.c         0x00000000   Number         0  printf1.o ABSOLUTE
    ../clib/microlib/printf/printf.c         0x00000000   Number         0  printf2.o ABSOLUTE
    ../clib/microlib/printf/printf.c         0x00000000   Number         0  printf3.o ABSOLUTE
    ../clib/microlib/printf/printf.c         0x00000000   Number         0  printf4.o ABSOLUTE
    ../clib/microlib/printf/printf.c         0x00000000   Number         0  printf5.o ABSOLUTE
    ../clib/microlib/printf/printf.c         0x00000000   Number         0  printf6.o ABSOLUTE
    ../clib/microlib/printf/printf.c         0x00000000   Number         0  printf7.o ABSOLUTE
    ../clib/microlib/printf/printf.c         0x00000000   Number         0  printf8.o ABSOLUTE
    ../clib/microlib/printf/printf.c         0x00000000   Number         0  printfa.o ABSOLUTE
    ../clib/microlib/printf/stubs.s          0x00000000   Number         0  stubs.o ABSOLUTE
    ../clib/microlib/stdio/streams.c         0x00000000   Number         0  stdout.o ABSOLUTE
    ../clib/microlib/stdlib/rand.c           0x00000000   Number         0  rand.o ABSOLUTE
    ../clib/microlib/string/memcpy.c         0x00000000   Number         0  memcpya.o ABSOLUTE
    ../clib/microlib/string/memcpy.c         0x00000000   Number         0  memcpyb.o ABSOLUTE
    ../clib/microlib/string/strlen.c         0x00000000   Number         0  strlen.o ABSOLUTE
    ../clib/microlib/stubs.s                 0x00000000   Number         0  iusefp.o ABSOLUTE
    ../fplib/microlib/fpadd.c                0x00000000   Number         0  dadd.o ABSOLUTE
    ../fplib/microlib/fpdiv.c                0x00000000   Number         0  ddiv.o ABSOLUTE
    ../fplib/microlib/fpepilogue.c           0x00000000   Number         0  depilogue.o ABSOLUTE
    ../fplib/microlib/fpfix.c                0x00000000   Number         0  dfixul.o ABSOLUTE
    ../fplib/microlib/fpmul.c                0x00000000   Number         0  dmul.o ABSOLUTE
    ..\\drivers\\c\\adc.c                    0x00000000   Number         0  adc.o ABSOLUTE
    ..\\drivers\\c\\gpio_port.c              0x00000000   Number         0  gpio_port.o ABSOLUTE
    ..\\drivers\\c\\i2c.c                    0x00000000   Number         0  i2c.o ABSOLUTE
    ..\\drivers\\c\\spi.c                    0x00000000   Number         0  spi.o ABSOLUTE
    ..\\drivers\\c\\timers.c                 0x00000000   Number         0  timers.o ABSOLUTE
    ..\\drivers\\c\\uart.c                   0x00000000   Number         0  uart.o ABSOLUTE
    ..\\peripherals\\c\\ft6x06.c             0x00000000   Number         0  ft6x06.o ABSOLUTE
    ..\\peripherals\\c\\launchpad_io.c       0x00000000   Number         0  launchpad_io.o ABSOLUTE
    ..\\peripherals\\c\\lcd.c                0x00000000   Number         0  lcd.o ABSOLUTE
    ..\\peripherals\\c\\ps2.c                0x00000000   Number         0  ps2.o ABSOLUTE
    ..\\peripherals\\c\\serial_debug.c       0x00000000   Number         0  serial_debug.o ABSOLUTE
    ..\\peripherals\\c\\spi_select.c         0x00000000   Number         0  spi_select.o ABSOLUTE
    ..\\peripherals\\c\\wireless.c           0x00000000   Number         0  wireless.o ABSOLUTE
    ..\drivers\c\adc.c                       0x00000000   Number         0  adc.o ABSOLUTE
    ..\drivers\c\gpio_port.c                 0x00000000   Number         0  gpio_port.o ABSOLUTE
    ..\drivers\c\i2c.c                       0x00000000   Number         0  i2c.o ABSOLUTE
    ..\drivers\c\pc_buffer.c                 0x00000000   Number         0  pc_buffer.o ABSOLUTE
    ..\drivers\c\spi.c                       0x00000000   Number         0  spi.o ABSOLUTE
    ..\drivers\c\timers.c                    0x00000000   Number         0  timers.o ABSOLUTE
    ..\drivers\c\uart.c                      0x00000000   Number         0  uart.o ABSOLUTE
    ..\peripherals\c\ft6x06.c                0x00000000   Number         0  ft6x06.o ABSOLUTE
    ..\peripherals\c\launchpad_io.c          0x00000000   Number         0  launchpad_io.o ABSOLUTE
    ..\peripherals\c\lcd.c                   0x00000000   Number         0  lcd.o ABSOLUTE
    ..\peripherals\c\ps2.c                   0x00000000   Number         0  ps2.o ABSOLUTE
    ..\peripherals\c\serial_debug.c          0x00000000   Number         0  serial_debug.o ABSOLUTE
    ..\peripherals\c\spi_select.c            0x00000000   Number         0  spi_select.o ABSOLUTE
    ..\peripherals\c\wireless.c              0x00000000   Number         0  wireless.o ABSOLUTE
    HW3_images.c                             0x00000000   Number         0  hw3_images.o ABSOLUTE
    RTE\Device\TM4C123GH6PM\startup_TM4C123.s 0x00000000   Number         0  startup_tm4c123.o ABSOLUTE
    RTE\Device\TM4C123GH6PM\system_TM4C123.c 0x00000000   Number         0  system_tm4c123.o ABSOLUTE
    RTE\\Device\\TM4C123GH6PM\\system_TM4C123.c 0x00000000   Number         0  system_tm4c123.o ABSOLUTE
    cdrcmple.s                               0x00000000   Number         0  cdrcmple.o ABSOLUTE
    dc.s                                     0x00000000   Number         0  dc.o ABSOLUTE
    debounce.c                               0x00000000   Number         0  debounce.o ABSOLUTE
    debounce.c                               0x00000000   Number         0  debounce.o ABSOLUTE
    handlers.s                               0x00000000   Number         0  handlers.o ABSOLUTE
    init.s                                   0x00000000   Number         0  init.o ABSOLUTE
    main.c                                   0x00000000   Number         0  main.o ABSOLUTE
    main.c                                   0x00000000   Number         0  main.o ABSOLUTE
    mcp23017.c                               0x00000000   Number         0  mcp23017.o ABSOLUTE
    mcp23017.c                               0x00000000   Number         0  mcp23017.o ABSOLUTE
    printString.c                            0x00000000   Number         0  printstring.o ABSOLUTE
    printString.c                            0x00000000   Number         0  printstring.o ABSOLUTE
    pwm.c                                    0x00000000   Number         0  pwm.o ABSOLUTE
    pwm.c                                    0x00000000   Number         0  pwm.o ABSOLUTE
    validate_sysctl.c                        0x00000000   Number         0  validate_sysctl.o ABSOLUTE
    validate_sysctl.c                        0x00000000   Number         0  validate_sysctl.o ABSOLUTE
    validate_uart.c                          0x00000000   Number         0  validate_uart.o ABSOLUTE
    validate_uart.c                          0x00000000   Number         0  validate_uart.o ABSOLUTE
    .ARM.Collect$$$$00000000                 0x0000026c   Section        0  entry.o(.ARM.Collect$$$$00000000)
    .ARM.Collect$$$$00000001                 0x0000026c   Section        4  entry2.o(.ARM.Collect$$$$00000001)
    .ARM.Collect$$$$00000004                 0x00000270   Section        4  entry5.o(.ARM.Collect$$$$00000004)
    .ARM.Collect$$$$00000008                 0x00000274   Section        0  entry7b.o(.ARM.Collect$$$$00000008)
    .ARM.Collect$$$$0000000A                 0x00000274   Section        0  entry8b.o(.ARM.Collect$$$$0000000A)
    .ARM.Collect$$$$0000000B                 0x00000274   Section        8  entry9a.o(.ARM.Collect$$$$0000000B)
    .ARM.Collect$$$$0000000D                 0x0000027c   Section        0  entry10a.o(.ARM.Collect$$$$0000000D)
    .ARM.Collect$$$$0000000F                 0x0000027c   Section        0  entry11a.o(.ARM.Collect$$$$0000000F)
    .ARM.Collect$$$$00002712                 0x0000027c   Section        4  entry2.o(.ARM.Collect$$$$00002712)
    __lit__00000000                          0x0000027c   Data           4  entry2.o(.ARM.Collect$$$$00002712)
    .text                                    0x00000280   Section        0  main.o(.text)
    .text                                    0x00003560   Section        0  mcp23017.o(.text)
    mcp23017_byte_write                      0x00003561   Thumb Code    76  mcp23017.o(.text)
    .text                                    0x000036c8   Section        0  debounce.o(.text)
    .text                                    0x0000373c   Section        0  printstring.o(.text)
    .text                                    0x00003870   Section        0  pwm.o(.text)
    .text                                    0x00003920   Section        0  adc.o(.text)
    .text                                    0x00003a84   Section        0  gpio_port.o(.text)
    verify_base_addr                         0x00003a85   Thumb Code    64  gpio_port.o(.text)
    .text                                    0x00003d30   Section        0  timers.o(.text)
    __NVIC_SetPriority                       0x00003d31   Thumb Code    32  timers.o(.text)
    verify_base_addr                         0x00003d51   Thumb Code    64  timers.o(.text)
    get_clock_masks                          0x00003d91   Thumb Code   106  timers.o(.text)
    __NVIC_EnableIRQ                         0x0000405b   Thumb Code    26  timers.o(.text)
    .text                                    0x0000408c   Section        0  i2c.o(.text)
    .text                                    0x00004294   Section        0  uart.o(.text)
    .text                                    0x00004510   Section        0  pc_buffer.o(.text)
    .text                                    0x0000459c   Section        0  launchpad_io.o(.text)
    .text                                    0x00004664   Section        0  lcd.o(.text)
    delayms                                  0x00004665   Thumb Code    26  lcd.o(.text)
    lcd_write_cmd_u8                         0x0000467f   Thumb Code    34  lcd.o(.text)
    lcd_write_data_u8                        0x000046a1   Thumb Code    36  lcd.o(.text)
    .text                                    0x00004af8   Section        0  ps2.o(.text)
    initialize_adc_gpio_pins                 0x00004af9   Thumb Code    34  ps2.o(.text)
    .text                                    0x00004b50   Section        0  serial_debug.o(.text)
    .text                                    0x00004d58   Section        0  ft6x06.o(.text)
    ft6x06_set_addr                          0x00004d59   Thumb Code    52  ft6x06.o(.text)
    ft6x06_read_data                         0x00004d8d   Thumb Code    52  ft6x06.o(.text)
    .text                                    0x00004f50   Section        0  wireless.o(.text)
    wireless_reg_read                        0x00004f5f   Thumb Code    34  wireless.o(.text)
    wireless_reg_write                       0x00004f81   Thumb Code    40  wireless.o(.text)
    wireless_rx_data_payload                 0x00004fa9   Thumb Code    80  wireless.o(.text)
    wireless_set_rx_addr                     0x00004ff9   Thumb Code   118  wireless.o(.text)
    wireless_get_status                      0x0000506f   Thumb Code    32  wireless.o(.text)
    wireless_CSN_low                         0x0000546d   Thumb Code    18  wireless.o(.text)
    wireless_CSN_high                        0x0000547f   Thumb Code    18  wireless.o(.text)
    wireless_CE_low                          0x00005491   Thumb Code    16  wireless.o(.text)
    wireless_CE_high                         0x000054a1   Thumb Code    16  wireless.o(.text)
    wireless_flush_tx_fifo                   0x000054b1   Thumb Code    28  wireless.o(.text)
    wireless_flush_rx_fifo                   0x000054cd   Thumb Code    28  wireless.o(.text)
    wireless_rx_fifo_empty                   0x000054e9   Thumb Code    24  wireless.o(.text)
    wireless_status_tx_ds_asserted           0x00005501   Thumb Code    16  wireless.o(.text)
    wireless_status_tx_full_asserted         0x00005511   Thumb Code    16  wireless.o(.text)
    wireless_clear_max_rt                    0x00005521   Thumb Code    12  wireless.o(.text)
    .text                                    0x000055e4   Section        0  spi.o(.text)
    .text                                    0x00005770   Section        0  spi_select.o(.text)
    .text                                    0x00005814   Section      252  startup_tm4c123.o(.text)
    $v0                                      0x00005814   Number         0  startup_tm4c123.o(.text)
    .text                                    0x00005910   Section        0  system_tm4c123.o(.text)
    getOscClk                                0x00005911   Thumb Code   182  system_tm4c123.o(.text)
    .text                                    0x00005b60   Section        0  validate_uart.o(.text)
    uart_get_ibrd                            0x00005c0b   Thumb Code    30  validate_uart.o(.text)
    uart_get_fbrd                            0x00005c29   Thumb Code    28  validate_uart.o(.text)
    uart_get_irq_num                         0x00005c45   Thumb Code    68  validate_uart.o(.text)
    .text                                    0x00005f60   Section        0  validate_sysctl.o(.text)
    get_gpio_rcgc                            0x00005f61   Thumb Code    74  validate_sysctl.o(.text)
    get_adc_rcgc                             0x00005fab   Thumb Code    28  validate_sysctl.o(.text)
    get_gpt_rcgc                             0x00005fc7   Thumb Code    74  validate_sysctl.o(.text)
    get_uart_rcgc                            0x00006011   Thumb Code    68  validate_sysctl.o(.text)
    get_spi_rcgc                             0x00006055   Thumb Code    48  validate_sysctl.o(.text)
    .text                                    0x0000612c   Section        0  rand.o(.text)
    .text                                    0x00006150   Section        0  memcpya.o(.text)
    .text                                    0x00006174   Section        0  strlen.o(.text)
    .text                                    0x00006182   Section        0  uidiv.o(.text)
    .text                                    0x000061b0   Section       36  init.o(.text)
    i.__0printf$6                            0x000061d4   Section        0  printf6.o(i.__0printf$6)
    i.__0sprintf$6                           0x000061f4   Section        0  printf6.o(i.__0sprintf$6)
    i.__scatterload_copy                     0x0000621c   Section       14  handlers.o(i.__scatterload_copy)
    i.__scatterload_null                     0x0000622a   Section        2  handlers.o(i.__scatterload_null)
    i.__scatterload_zeroinit                 0x0000622c   Section       14  handlers.o(i.__scatterload_zeroinit)
    i._printf_core                           0x0000623c   Section        0  printf6.o(i._printf_core)
    _printf_core                             0x0000623d   Thumb Code   748  printf6.o(i._printf_core)
    i._printf_post_padding                   0x0000652c   Section        0  printf6.o(i._printf_post_padding)
    _printf_post_padding                     0x0000652d   Thumb Code    36  printf6.o(i._printf_post_padding)
    i._printf_pre_padding                    0x00006550   Section        0  printf6.o(i._printf_pre_padding)
    _printf_pre_padding                      0x00006551   Thumb Code    46  printf6.o(i._printf_pre_padding)
    i._sputc                                 0x0000657e   Section        0  printf6.o(i._sputc)
    _sputc                                   0x0000657f   Thumb Code    10  printf6.o(i._sputc)
    i.free                                   0x00006588   Section        0  malloc.o(i.free)
    i.lcd_write_data_u16                     0x000065d8   Section        0  lcd.o(i.lcd_write_data_u16)
    i.malloc                                 0x00006624   Section        0  malloc.o(i.malloc)
    .constdata                               0x00006690   Section    37698  hw3_images.o(.constdata)
    .constdata                               0x0000f9d2   Section     3040  printstring.o(.constdata)
    .conststring                             0x000105b4   Section       92  validate_uart.o(.conststring)
    .data                                    0x20000000   Section      232  main.o(.data)
    count                                    0x200000c4   Data           4  main.o(.data)
    count1                                   0x200000c8   Data           4  main.o(.data)
    count2                                   0x200000cc   Data           4  main.o(.data)
    count3                                   0x200000d0   Data           4  main.o(.data)
    count4                                   0x200000d4   Data           4  main.o(.data)
    count5                                   0x200000d8   Data           4  main.o(.data)
    count6                                   0x200000dc   Data           4  main.o(.data)
    count2                                   0x200000e0   Data           4  main.o(.data)
    debounce_cnt                             0x200000e4   Data           4  main.o(.data)
    .data                                    0x200000e8   Section        1  debounce.o(.data)
    .data                                    0x200000e9   Section        2  serial_debug.o(.data)
    Rx_Interrupts_Enabled                    0x200000e9   Data           1  serial_debug.o(.data)
    Tx_Interrupts_Enabled                    0x200000ea   Data           1  serial_debug.o(.data)
    .data                                    0x200000ec   Section        4  system_tm4c123.o(.data)
    .data                                    0x200000f0   Section        4  stdout.o(.data)
    .data                                    0x200000f4   Section        4  rand.o(.data)
    _rand_state                              0x200000f4   Data           4  rand.o(.data)
    .data                                    0x200000f8   Section        4  mvars.o(.data)
    .data                                    0x200000fc   Section        4  mvars.o(.data)
    .bss                                     0x20000100   Section       28  serial_debug.o(.bss)
    HEAP                                     0x20000120   Section        0  startup_tm4c123.o(HEAP)
    STACK                                    0x20000120   Section     4096  startup_tm4c123.o(STACK)

    Global Symbols

    Symbol Name                              Value     Ov Type        Size  Object(Section)

    BuildAttributes$$THM_ISAv4$E$P$D$K$B$S$7EM$VFPi3$EXTD16$VFPS$VFMA$PE$A:L22UL41UL21$X:L11$S22US41US21$IEEE1$IW$USESV6$~STKCKD$USESV7$~SHL$OSPACE$ROPI$EBA8$MICROLIB$REQ8$PRES8$EABIv2 0x00000000   Number         0  anon$$obj.o ABSOLUTE
    __ARM_use_no_argv                        0x00000000   Number         0  main.o ABSOLUTE
    __Vectors                                0x00000000   Data           4  startup_tm4c123.o(RESET)
    _printf_a                                0x00000000   Number         0  stubs.o ABSOLUTE
    _printf_c                                0x00000000   Number         0  stubs.o ABSOLUTE
    _printf_charcount                        0x00000000   Number         0  stubs.o ABSOLUTE
    _printf_d                                0x00000000   Number         0  stubs.o ABSOLUTE
    _printf_e                                0x00000000   Number         0  stubs.o ABSOLUTE
    _printf_f                                0x00000000   Number         0  stubs.o ABSOLUTE
    _printf_flags                            0x00000000   Number         0  stubs.o ABSOLUTE
    _printf_fp_dec                           0x00000000   Number         0  stubs.o ABSOLUTE
    _printf_fp_hex                           0x00000000   Number         0  stubs.o ABSOLUTE
    _printf_g                                0x00000000   Number         0  stubs.o ABSOLUTE
    _printf_i                                0x00000000   Number         0  stubs.o ABSOLUTE
    _printf_int_dec                          0x00000000   Number         0  stubs.o ABSOLUTE
    _printf_l                                0x00000000   Number         0  stubs.o ABSOLUTE
    _printf_lc                               0x00000000   Number         0  stubs.o ABSOLUTE
    _printf_ll                               0x00000000   Number         0  stubs.o ABSOLUTE
    _printf_lld                              0x00000000   Number         0  stubs.o ABSOLUTE
    _printf_lli                              0x00000000   Number         0  stubs.o ABSOLUTE
    _printf_llo                              0x00000000   Number         0  stubs.o ABSOLUTE
    _printf_llu                              0x00000000   Number         0  stubs.o ABSOLUTE
    _printf_llx                              0x00000000   Number         0  stubs.o ABSOLUTE
    _printf_longlong_dec                     0x00000000   Number         0  stubs.o ABSOLUTE
    _printf_longlong_hex                     0x00000000   Number         0  stubs.o ABSOLUTE
    _printf_longlong_oct                     0x00000000   Number         0  stubs.o ABSOLUTE
    _printf_ls                               0x00000000   Number         0  stubs.o ABSOLUTE
    _printf_mbtowc                           0x00000000   Number         0  stubs.o ABSOLUTE
    _printf_n                                0x00000000   Number         0  stubs.o ABSOLUTE
    _printf_o                                0x00000000   Number         0  stubs.o ABSOLUTE
    _printf_p                                0x00000000   Number         0  stubs.o ABSOLUTE
    _printf_percent                          0x00000000   Number         0  stubs.o ABSOLUTE
    _printf_pre_padding                      0x00000000   Number         0  stubs.o ABSOLUTE
    _printf_return_value                     0x00000000   Number         0  stubs.o ABSOLUTE
    _printf_s                                0x00000000   Number         0  stubs.o ABSOLUTE
    _printf_sizespec                         0x00000000   Number         0  stubs.o ABSOLUTE
    _printf_str                              0x00000000   Number         0  stubs.o ABSOLUTE
    _printf_truncate_signed                  0x00000000   Number         0  stubs.o ABSOLUTE
    _printf_truncate_unsigned                0x00000000   Number         0  stubs.o ABSOLUTE
    _printf_u                                0x00000000   Number         0  stubs.o ABSOLUTE
    _printf_wc                               0x00000000   Number         0  stubs.o ABSOLUTE
    _printf_wctomb                           0x00000000   Number         0  stubs.o ABSOLUTE
    _printf_widthprec                        0x00000000   Number         0  stubs.o ABSOLUTE
    _printf_x                                0x00000000   Number         0  stubs.o ABSOLUTE
    __cpp_initialize__aeabi_                  - Undefined Weak Reference
    __cxa_finalize                            - Undefined Weak Reference
    __decompress                              - Undefined Weak Reference
    _clock_init                               - Undefined Weak Reference
    _microlib_exit                            - Undefined Weak Reference
    __Vectors_End                            0x0000026c   Data           0  startup_tm4c123.o(RESET)
    __Vectors_Size                           0x0000026c   Number         0  startup_tm4c123.o ABSOLUTE
    __main                                   0x0000026d   Thumb Code     0  entry.o(.ARM.Collect$$$$00000000)
    _main_stk                                0x0000026d   Thumb Code     0  entry2.o(.ARM.Collect$$$$00000001)
    _main_scatterload                        0x00000271   Thumb Code     0  entry5.o(.ARM.Collect$$$$00000004)
    __main_after_scatterload                 0x00000275   Thumb Code     0  entry5.o(.ARM.Collect$$$$00000004)
    _main_clock                              0x00000275   Thumb Code     0  entry7b.o(.ARM.Collect$$$$00000008)
    _main_cpp_init                           0x00000275   Thumb Code     0  entry8b.o(.ARM.Collect$$$$0000000A)
    _main_init                               0x00000275   Thumb Code     0  entry9a.o(.ARM.Collect$$$$0000000B)
    __rt_final_cpp                           0x0000027d   Thumb Code     0  entry10a.o(.ARM.Collect$$$$0000000D)
    __rt_final_exit                          0x0000027d   Thumb Code     0  entry11a.o(.ARM.Collect$$$$0000000F)
    ADC0SS2_Handler                          0x00000281   Thumb Code   128  main.o(.text)
    TIMER0A_Handler                          0x00000301   Thumb Code   368  main.o(.text)
    TIMER0B_Handler                          0x00000471   Thumb Code    88  main.o(.text)
    DisableInterrupts                        0x000004c9   Thumb Code     4  main.o(.text)
    EnableInterrupts                         0x000004cd   Thumb Code     4  main.o(.text)
    initialize_hardware                      0x000004d1   Thumb Code    92  main.o(.text)
    add_missle                               0x0000052d   Thumb Code  1768  main.o(.text)
    remove_missle                            0x00000c15   Thumb Code    72  main.o(.text)
    initialize_wecome_page                   0x00000c5d   Thumb Code   598  main.o(.text)
    instruction_state                        0x00000eb3   Thumb Code   688  main.o(.text)
    matching_state                           0x00001163   Thumb Code    10  main.o(.text)
    setup_boundries                          0x0000116d   Thumb Code  1402  main.o(.text)
    setup_monster_boundires                  0x000016e7   Thumb Code  1272  main.o(.text)
    setup_bullet_boundries                   0x00001bdf   Thumb Code  1750  main.o(.text)
    add_bomb                                 0x000022b5   Thumb Code    98  main.o(.text)
    add_monster                              0x00002317   Thumb Code    80  main.o(.text)
    remove_monster                           0x00002367   Thumb Code    60  main.o(.text)
    check_collision                          0x000023a3   Thumb Code   278  main.o(.text)
    check_bomb_kills                         0x000024b9   Thumb Code    98  main.o(.text)
    result_state                             0x0000251b   Thumb Code   320  main.o(.text)
    playing_state                            0x0000265b   Thumb Code  3472  main.o(.text)
    main                                     0x000033eb   Thumb Code   178  main.o(.text)
    configure_buttons                        0x000035ad   Thumb Code    36  mcp23017.o(.text)
    get_button_data                          0x000035d1   Thumb Code    86  mcp23017.o(.text)
    mcp23017_init                            0x00003627   Thumb Code   156  mcp23017.o(.text)
    check_debounce                           0x000036c9   Thumb Code   110  debounce.o(.text)
    lcd_print_character                      0x0000373d   Thumb Code   190  printstring.o(.text)
    lcd_print_stringXY                       0x000037fb   Thumb Code   114  printstring.o(.text)
    pwm_init                                 0x00003871   Thumb Code    92  pwm.o(.text)
    enable_pwm                               0x000038cd   Thumb Code    46  pwm.o(.text)
    disable_pwm                              0x000038fb   Thumb Code    12  pwm.o(.text)
    initialize_adc                           0x00003921   Thumb Code    90  adc.o(.text)
    get_adc_value                            0x0000397b   Thumb Code    58  adc.o(.text)
    initialize_adc_ss2_IRQ                   0x000039b5   Thumb Code   164  adc.o(.text)
    generate_adc_read                        0x00003a59   Thumb Code    22  adc.o(.text)
    gpio_get_irq_num                         0x00003ac5   Thumb Code    74  gpio_port.o(.text)
    gpio_enable_port                         0x00003b0f   Thumb Code   156  gpio_port.o(.text)
    gpio_config_digital_enable               0x00003bab   Thumb Code    40  gpio_port.o(.text)
    gpio_config_enable_output                0x00003bd3   Thumb Code    40  gpio_port.o(.text)
    gpio_config_enable_input                 0x00003bfb   Thumb Code    40  gpio_port.o(.text)
    gpio_config_enable_pullup                0x00003c23   Thumb Code    40  gpio_port.o(.text)
    gpio_config_enable_pulldown              0x00003c4b   Thumb Code    40  gpio_port.o(.text)
    gpio_config_analog_enable                0x00003c73   Thumb Code    34  gpio_port.o(.text)
    gpio_config_alternate_function           0x00003c95   Thumb Code    34  gpio_port.o(.text)
    gpio_config_port_control                 0x00003cb7   Thumb Code    50  gpio_port.o(.text)
    gpio_config_open_drain                   0x00003ce9   Thumb Code    34  gpio_port.o(.text)
    gpio_config_falling_edge_irq             0x00003d0b   Thumb Code     6  gpio_port.o(.text)
    gp_timer_wait                            0x00003dfb   Thumb Code    64  timers.o(.text)
    gp_timer_config_32                       0x00003e3b   Thumb Code   140  timers.o(.text)
    Timer0A_Config                           0x00003ec7   Thumb Code   140  timers.o(.text)
    Timer0B_Config                           0x00003f53   Thumb Code   140  timers.o(.text)
    gp_timer_config_16                       0x00003fdf   Thumb Code   124  timers.o(.text)
    initializeI2CMaster                      0x0000408d   Thumb Code   160  i2c.o(.text)
    i2cVerifyBaseAddr                        0x0000412d   Thumb Code    36  i2c.o(.text)
    i2cSetSlaveAddr                          0x00004151   Thumb Code    30  i2c.o(.text)
    i2cStop                                  0x0000416f   Thumb Code    26  i2c.o(.text)
    I2CMasterBusy                            0x00004189   Thumb Code    34  i2c.o(.text)
    I2CMasterAdrAck                          0x000041ab   Thumb Code    34  i2c.o(.text)
    I2CMasterDatAck                          0x000041cd   Thumb Code    34  i2c.o(.text)
    i2cSendByte                              0x000041ef   Thumb Code    82  i2c.o(.text)
    i2cGetByte                               0x00004241   Thumb Code    60  i2c.o(.text)
    verify_uart_base                         0x00004295   Thumb Code    54  uart.o(.text)
    uart_get_rcgc_mask                       0x000042cb   Thumb Code    68  uart.o(.text)
    uart_get_pr_mask                         0x0000430f   Thumb Code    68  uart.o(.text)
    uart_get_irq_num                         0x00004353   Thumb Code    68  uart.o(.text)
    uart_tx_poll                             0x00004397   Thumb Code    38  uart.o(.text)
    uart_tx_poll_string                      0x000043bd   Thumb Code    50  uart.o(.text)
    uart_rx_poll                             0x000043ef   Thumb Code    70  uart.o(.text)
    uart_init                                0x00004435   Thumb Code   202  uart.o(.text)
    pc_buffer_init                           0x00004511   Thumb Code    26  pc_buffer.o(.text)
    pc_buffer_add                            0x0000452b   Thumb Code    28  pc_buffer.o(.text)
    pc_buffer_empty                          0x00004547   Thumb Code    18  pc_buffer.o(.text)
    pc_buffer_remove                         0x00004559   Thumb Code    44  pc_buffer.o(.text)
    pc_buffer_full                           0x00004585   Thumb Code    22  pc_buffer.o(.text)
    lp_io_set_pin                            0x0000459d   Thumb Code    20  launchpad_io.o(.text)
    lp_io_clear_pin                          0x000045b1   Thumb Code    20  launchpad_io.o(.text)
    lp_io_read_pin                           0x000045c5   Thumb Code    22  launchpad_io.o(.text)
    lp_io_init                               0x000045db   Thumb Code   112  launchpad_io.o(.text)
    lcd_set_pos                              0x000046c5   Thumb Code    58  lcd.o(.text)
    lcd_clear_screen                         0x000046ff   Thumb Code    52  lcd.o(.text)
    lcd_draw_image                           0x00004733   Thumb Code   242  lcd.o(.text)
    lcd_config_gpio                          0x00004825   Thumb Code   152  lcd.o(.text)
    lcd_config_screen                        0x000048bd   Thumb Code   566  lcd.o(.text)
    ps2_initialize                           0x00004b1b   Thumb Code    14  ps2.o(.text)
    ps2_get_x                                0x00004b29   Thumb Code    16  ps2.o(.text)
    ps2_get_y                                0x00004b39   Thumb Code    16  ps2.o(.text)
    init_serial_debug                        0x00004b51   Thumb Code   102  serial_debug.o(.text)
    serial_debug_rx                          0x00004bb7   Thumb Code    46  serial_debug.o(.text)
    serial_debug_tx                          0x00004be5   Thumb Code    84  serial_debug.o(.text)
    fputc                                    0x00004c39   Thumb Code    66  serial_debug.o(.text)
    fgetc                                    0x00004c7b   Thumb Code    50  serial_debug.o(.text)
    UART0_Handler                            0x00004cad   Thumb Code   146  serial_debug.o(.text)
    ft6x06_read_td_status                    0x00004dc1   Thumb Code    52  ft6x06.o(.text)
    ft6x06_read_x                            0x00004df5   Thumb Code    92  ft6x06.o(.text)
    ft6x06_read_y                            0x00004e51   Thumb Code    94  ft6x06.o(.text)
    ft6x06_init                              0x00004eaf   Thumb Code   156  ft6x06.o(.text)
    wait_uS_15                               0x00004f51   Thumb Code    14  wireless.o(.text)
    wireless_send_32                         0x0000508f   Thumb Code   302  wireless.o(.text)
    wireless_get_32                          0x000051bd   Thumb Code   130  wireless.o(.text)
    wireless_configure_device                0x0000523f   Thumb Code   202  wireless.o(.text)
    wireless_initialize                      0x00005309   Thumb Code   200  wireless.o(.text)
    wireless_test                            0x000053d1   Thumb Code   156  wireless.o(.text)
    spiVerifyBaseAddr                        0x000055e5   Thumb Code    34  spi.o(.text)
    initialize_spi                           0x00005607   Thumb Code   244  spi.o(.text)
    spiTx                                    0x000056fb   Thumb Code    94  spi.o(.text)
    spi_select                               0x00005771   Thumb Code    62  spi_select.o(.text)
    spi_select_init                          0x000057af   Thumb Code    92  spi_select.o(.text)
    Reset_Handler                            0x00005815   Thumb Code     8  startup_tm4c123.o(.text)
    NMI_Handler                              0x0000581d   Thumb Code     2  startup_tm4c123.o(.text)
    HardFault_Handler                        0x0000581f   Thumb Code     2  startup_tm4c123.o(.text)
    MemManage_Handler                        0x00005821   Thumb Code     2  startup_tm4c123.o(.text)
    BusFault_Handler                         0x00005823   Thumb Code     2  startup_tm4c123.o(.text)
    UsageFault_Handler                       0x00005825   Thumb Code     2  startup_tm4c123.o(.text)
    SVC_Handler                              0x00005827   Thumb Code     2  startup_tm4c123.o(.text)
    DebugMon_Handler                         0x00005829   Thumb Code     2  startup_tm4c123.o(.text)
    PendSV_Handler                           0x0000582b   Thumb Code     2  startup_tm4c123.o(.text)
    SysTick_Handler                          0x0000582d   Thumb Code     2  startup_tm4c123.o(.text)
    GPIOA_Handler                            0x0000582f   Thumb Code     2  startup_tm4c123.o(.text)
    GPIOB_Handler                            0x00005831   Thumb Code     2  startup_tm4c123.o(.text)
    GPIOC_Handler                            0x00005833   Thumb Code     2  startup_tm4c123.o(.text)
    GPIOD_Handler                            0x00005835   Thumb Code     2  startup_tm4c123.o(.text)
    GPIOE_Handler                            0x00005837   Thumb Code     2  startup_tm4c123.o(.text)
    UART1_Handler                            0x0000583b   Thumb Code     2  startup_tm4c123.o(.text)
    SSI0_Handler                             0x0000583d   Thumb Code     2  startup_tm4c123.o(.text)
    I2C0_Handler                             0x0000583f   Thumb Code     2  startup_tm4c123.o(.text)
    PMW0_FAULT_Handler                       0x00005841   Thumb Code     2  startup_tm4c123.o(.text)
    PWM0_0_Handler                           0x00005843   Thumb Code     2  startup_tm4c123.o(.text)
    PWM0_1_Handler                           0x00005845   Thumb Code     2  startup_tm4c123.o(.text)
    PWM0_2_Handler                           0x00005847   Thumb Code     2  startup_tm4c123.o(.text)
    QEI0_Handler                             0x00005849   Thumb Code     2  startup_tm4c123.o(.text)
    ADC0SS0_Handler                          0x0000584b   Thumb Code     2  startup_tm4c123.o(.text)
    ADC0SS1_Handler                          0x0000584d   Thumb Code     2  startup_tm4c123.o(.text)
    ADC0SS3_Handler                          0x00005851   Thumb Code     2  startup_tm4c123.o(.text)
    WDT0_Handler                             0x00005853   Thumb Code     2  startup_tm4c123.o(.text)
    TIMER1A_Handler                          0x00005859   Thumb Code     2  startup_tm4c123.o(.text)
    TIMER1B_Handler                          0x0000585b   Thumb Code     2  startup_tm4c123.o(.text)
    TIMER2A_Handler                          0x0000585d   Thumb Code     2  startup_tm4c123.o(.text)
    TIMER2B_Handler                          0x0000585f   Thumb Code     2  startup_tm4c123.o(.text)
    COMP0_Handler                            0x00005861   Thumb Code     2  startup_tm4c123.o(.text)
    COMP1_Handler                            0x00005863   Thumb Code     2  startup_tm4c123.o(.text)
    COMP2_Handler                            0x00005865   Thumb Code     2  startup_tm4c123.o(.text)
    SYSCTL_Handler                           0x00005867   Thumb Code     2  startup_tm4c123.o(.text)
    FLASH_Handler                            0x00005869   Thumb Code     2  startup_tm4c123.o(.text)
    GPIOF_Handler                            0x0000586b   Thumb Code     2  startup_tm4c123.o(.text)
    GPIOG_Handler                            0x0000586d   Thumb Code     2  startup_tm4c123.o(.text)
    GPIOH_Handler                            0x0000586f   Thumb Code     2  startup_tm4c123.o(.text)
    UART2_Handler                            0x00005871   Thumb Code     2  startup_tm4c123.o(.text)
    SSI1_Handler                             0x00005873   Thumb Code     2  startup_tm4c123.o(.text)
    TIMER3A_Handler                          0x00005875   Thumb Code     2  startup_tm4c123.o(.text)
    TIMER3B_Handler                          0x00005877   Thumb Code     2  startup_tm4c123.o(.text)
    I2C1_Handler                             0x00005879   Thumb Code     2  startup_tm4c123.o(.text)
    QEI1_Handler                             0x0000587b   Thumb Code     2  startup_tm4c123.o(.text)
    CAN0_Handler                             0x0000587d   Thumb Code     2  startup_tm4c123.o(.text)
    CAN1_Handler                             0x0000587f   Thumb Code     2  startup_tm4c123.o(.text)
    CAN2_Handler                             0x00005881   Thumb Code     2  startup_tm4c123.o(.text)
    HIB_Handler                              0x00005883   Thumb Code     2  startup_tm4c123.o(.text)
    USB0_Handler                             0x00005885   Thumb Code     2  startup_tm4c123.o(.text)
    PWM0_3_Handler                           0x00005887   Thumb Code     2  startup_tm4c123.o(.text)
    UDMA_Handler                             0x00005889   Thumb Code     2  startup_tm4c123.o(.text)
    UDMAERR_Handler                          0x0000588b   Thumb Code     2  startup_tm4c123.o(.text)
    ADC1SS0_Handler                          0x0000588d   Thumb Code     2  startup_tm4c123.o(.text)
    ADC1SS1_Handler                          0x0000588f   Thumb Code     2  startup_tm4c123.o(.text)
    ADC1SS2_Handler                          0x00005891   Thumb Code     2  startup_tm4c123.o(.text)
    ADC1SS3_Handler                          0x00005893   Thumb Code     2  startup_tm4c123.o(.text)
    GPIOJ_Handler                            0x00005895   Thumb Code     2  startup_tm4c123.o(.text)
    GPIOK_Handler                            0x00005897   Thumb Code     2  startup_tm4c123.o(.text)
    GPIOL_Handler                            0x00005899   Thumb Code     2  startup_tm4c123.o(.text)
    SSI2_Handler                             0x0000589b   Thumb Code     2  startup_tm4c123.o(.text)
    SSI3_Handler                             0x0000589d   Thumb Code     2  startup_tm4c123.o(.text)
    UART3_Handler                            0x0000589f   Thumb Code     2  startup_tm4c123.o(.text)
    UART4_Handler                            0x000058a1   Thumb Code     2  startup_tm4c123.o(.text)
    UART5_Handler                            0x000058a3   Thumb Code     2  startup_tm4c123.o(.text)
    UART6_Handler                            0x000058a5   Thumb Code     2  startup_tm4c123.o(.text)
    UART7_Handler                            0x000058a7   Thumb Code     2  startup_tm4c123.o(.text)
    I2C2_Handler                             0x000058a9   Thumb Code     2  startup_tm4c123.o(.text)
    I2C3_Handler                             0x000058ab   Thumb Code     2  startup_tm4c123.o(.text)
    TIMER4A_Handler                          0x000058ad   Thumb Code     2  startup_tm4c123.o(.text)
    TIMER4B_Handler                          0x000058af   Thumb Code     2  startup_tm4c123.o(.text)
    TIMER5A_Handler                          0x000058b1   Thumb Code     2  startup_tm4c123.o(.text)
    TIMER5B_Handler                          0x000058b3   Thumb Code     2  startup_tm4c123.o(.text)
    WTIMER0A_Handler                         0x000058b5   Thumb Code     2  startup_tm4c123.o(.text)
    WTIMER0B_Handler                         0x000058b7   Thumb Code     2  startup_tm4c123.o(.text)
    WTIMER1A_Handler                         0x000058b9   Thumb Code     2  startup_tm4c123.o(.text)
    WTIMER1B_Handler                         0x000058bb   Thumb Code     2  startup_tm4c123.o(.text)
    WTIMER2A_Handler                         0x000058bd   Thumb Code     2  startup_tm4c123.o(.text)
    WTIMER2B_Handler                         0x000058bf   Thumb Code     2  startup_tm4c123.o(.text)
    WTIMER3A_Handler                         0x000058c1   Thumb Code     2  startup_tm4c123.o(.text)
    WTIMER3B_Handler                         0x000058c3   Thumb Code     2  startup_tm4c123.o(.text)
    WTIMER4A_Handler                         0x000058c5   Thumb Code     2  startup_tm4c123.o(.text)
    WTIMER4B_Handler                         0x000058c7   Thumb Code     2  startup_tm4c123.o(.text)
    WTIMER5A_Handler                         0x000058c9   Thumb Code     2  startup_tm4c123.o(.text)
    WTIMER5B_Handler                         0x000058cb   Thumb Code     2  startup_tm4c123.o(.text)
    FPU_Handler                              0x000058cd   Thumb Code     2  startup_tm4c123.o(.text)
    I2C4_Handler                             0x000058cf   Thumb Code     2  startup_tm4c123.o(.text)
    I2C5_Handler                             0x000058d1   Thumb Code     2  startup_tm4c123.o(.text)
    GPIOM_Handler                            0x000058d3   Thumb Code     2  startup_tm4c123.o(.text)
    GPION_Handler                            0x000058d5   Thumb Code     2  startup_tm4c123.o(.text)
    QEI2_Handler                             0x000058d7   Thumb Code     2  startup_tm4c123.o(.text)
    GPIOP0_Handler                           0x000058d9   Thumb Code     2  startup_tm4c123.o(.text)
    GPIOP1_Handler                           0x000058db   Thumb Code     2  startup_tm4c123.o(.text)
    GPIOP2_Handler                           0x000058dd   Thumb Code     2  startup_tm4c123.o(.text)
    GPIOP3_Handler                           0x000058df   Thumb Code     2  startup_tm4c123.o(.text)
    GPIOP4_Handler                           0x000058e1   Thumb Code     2  startup_tm4c123.o(.text)
    GPIOP5_Handler                           0x000058e3   Thumb Code     2  startup_tm4c123.o(.text)
    GPIOP6_Handler                           0x000058e5   Thumb Code     2  startup_tm4c123.o(.text)
    GPIOP7_Handler                           0x000058e7   Thumb Code     2  startup_tm4c123.o(.text)
    GPIOQ0_Handler                           0x000058e9   Thumb Code     2  startup_tm4c123.o(.text)
    GPIOQ1_Handler                           0x000058eb   Thumb Code     2  startup_tm4c123.o(.text)
    GPIOQ2_Handler                           0x000058ed   Thumb Code     2  startup_tm4c123.o(.text)
    GPIOQ3_Handler                           0x000058ef   Thumb Code     2  startup_tm4c123.o(.text)
    GPIOQ4_Handler                           0x000058f1   Thumb Code     2  startup_tm4c123.o(.text)
    GPIOQ5_Handler                           0x000058f3   Thumb Code     2  startup_tm4c123.o(.text)
    GPIOQ6_Handler                           0x000058f5   Thumb Code     2  startup_tm4c123.o(.text)
    GPIOQ7_Handler                           0x000058f7   Thumb Code     2  startup_tm4c123.o(.text)
    GPIOR_Handler                            0x000058f9   Thumb Code     2  startup_tm4c123.o(.text)
    GPIOS_Handler                            0x000058fb   Thumb Code     2  startup_tm4c123.o(.text)
    PMW1_0_Handler                           0x000058fd   Thumb Code     2  startup_tm4c123.o(.text)
    PWM1_1_Handler                           0x000058ff   Thumb Code     2  startup_tm4c123.o(.text)
    PWM1_2_Handler                           0x00005901   Thumb Code     2  startup_tm4c123.o(.text)
    PWM1_3_Handler                           0x00005903   Thumb Code     2  startup_tm4c123.o(.text)
    PWM1_FAULT_Handler                       0x00005905   Thumb Code     2  startup_tm4c123.o(.text)
    SystemCoreClockUpdate                    0x000059c7   Thumb Code   184  system_tm4c123.o(.text)
    SystemInit                               0x00005a7f   Thumb Code   112  system_tm4c123.o(.text)
    put_string                               0x00005b61   Thumb Code    34  validate_uart.o(.text)
    validate_print_ice_validation_info_start 0x00005b83   Thumb Code    68  validate_uart.o(.text)
    validate_print_ice_validation_info_end   0x00005bc7   Thumb Code    68  validate_uart.o(.text)
    staff_uart_config_gpio                   0x00005c89   Thumb Code    82  validate_uart.o(.text)
    staff_uart_config_polling                0x00005cdb   Thumb Code    68  validate_uart.o(.text)
    validate_uart_baud_rate                  0x00005d1f   Thumb Code    26  validate_uart.o(.text)
    validate_uart_line_control               0x00005d39   Thumb Code    18  validate_uart.o(.text)
    validate_uart_interrupt_mask             0x00005d4b   Thumb Code    18  validate_uart.o(.text)
    validate_uart_control                    0x00005d5d   Thumb Code    18  validate_uart.o(.text)
    validate_uart_interrupts_enabled         0x00005d6f   Thumb Code    44  validate_uart.o(.text)
    put_char                                 0x00005d9b   Thumb Code    20  validate_uart.o(.text)
    get_char                                 0x00005daf   Thumb Code    62  validate_uart.o(.text)
    get_string                               0x00005ded   Thumb Code    40  validate_uart.o(.text)
    initialize_serial_debug                  0x00005e15   Thumb Code    12  validate_uart.o(.text)
    print_test_status                        0x00005e21   Thumb Code    52  validate_uart.o(.text)
    validate_uart                            0x00005e55   Thumb Code   126  validate_uart.o(.text)
    validate_gpio_rcgc                       0x00006085   Thumb Code    26  validate_sysctl.o(.text)
    validate_adc_rcgc                        0x0000609f   Thumb Code    28  validate_sysctl.o(.text)
    validate_gpt_rcgc                        0x000060bb   Thumb Code    28  validate_sysctl.o(.text)
    validate_uart_rcgc                       0x000060d7   Thumb Code    28  validate_sysctl.o(.text)
    validate_spi_rcgc                        0x000060f3   Thumb Code    28  validate_sysctl.o(.text)
    rand                                     0x0000612d   Thumb Code    20  rand.o(.text)
    srand                                    0x00006141   Thumb Code     6  rand.o(.text)
    __aeabi_memcpy                           0x00006151   Thumb Code    36  memcpya.o(.text)
    __aeabi_memcpy4                          0x00006151   Thumb Code     0  memcpya.o(.text)
    __aeabi_memcpy8                          0x00006151   Thumb Code     0  memcpya.o(.text)
    strlen                                   0x00006175   Thumb Code    14  strlen.o(.text)
    __aeabi_uidiv                            0x00006183   Thumb Code     0  uidiv.o(.text)
    __aeabi_uidivmod                         0x00006183   Thumb Code    44  uidiv.o(.text)
    __scatterload                            0x000061b1   Thumb Code    28  init.o(.text)
    __scatterload_rt2                        0x000061b1   Thumb Code     0  init.o(.text)
    __0printf$6                              0x000061d5   Thumb Code    22  printf6.o(i.__0printf$6)
    __1printf$6                              0x000061d5   Thumb Code     0  printf6.o(i.__0printf$6)
    __2printf                                0x000061d5   Thumb Code     0  printf6.o(i.__0printf$6)
    __0sprintf$6                             0x000061f5   Thumb Code    34  printf6.o(i.__0sprintf$6)
    __1sprintf$6                             0x000061f5   Thumb Code     0  printf6.o(i.__0sprintf$6)
    __2sprintf                               0x000061f5   Thumb Code     0  printf6.o(i.__0sprintf$6)
    __scatterload_copy                       0x0000621d   Thumb Code    14  handlers.o(i.__scatterload_copy)
    __scatterload_null                       0x0000622b   Thumb Code     2  handlers.o(i.__scatterload_null)
    __scatterload_zeroinit                   0x0000622d   Thumb Code    14  handlers.o(i.__scatterload_zeroinit)
    free                                     0x00006589   Thumb Code    76  malloc.o(i.free)
    lcd_write_data_u16                       0x000065d9   Thumb Code    60  lcd.o(i.lcd_write_data_u16)
    malloc                                   0x00006625   Thumb Code    92  malloc.o(i.malloc)
    ch26_59_Patton_LegionBitmaps             0x00006690   Data        6000  hw3_images.o(.constdata)
    play_button                              0x00007e00   Data        1040  hw3_images.o(.constdata)
    multiple_players                         0x00008210   Data        1040  hw3_images.o(.constdata)
    instructionBitmaps                       0x00008620   Data         200  hw3_images.o(.constdata)
    erase_block                              0x000086e8   Data         220  hw3_images.o(.constdata)
    shellBitmaps                             0x000087c4   Data          72  hw3_images.o(.constdata)
    mapBitmaps                               0x0000880c   Data        8400  hw3_images.o(.constdata)
    title                                    0x0000a8dc   Data        1200  hw3_images.o(.constdata)
    hearts                                   0x0000ad8c   Data          60  hw3_images.o(.constdata)
    bomb                                     0x0000adc8   Data          54  hw3_images.o(.constdata)
    monster                                  0x0000adfe   Data          30  hw3_images.o(.constdata)
    tank_up                                  0x0000ae1c   Data          28  hw3_images.o(.constdata)
    tank_down                                0x0000ae38   Data          28  hw3_images.o(.constdata)
    tank_left                                0x0000ae54   Data          28  hw3_images.o(.constdata)
    tank_right                               0x0000ae70   Data          28  hw3_images.o(.constdata)
    bullet                                   0x0000ae8c   Data           5  hw3_images.o(.constdata)
    bulletErase                              0x0000ae91   Data           5  hw3_images.o(.constdata)
    in_map_bomb                              0x0000ae96   Data          20  hw3_images.o(.constdata)
    in_map_bomb_erase                        0x0000aeaa   Data          20  hw3_images.o(.constdata)
    explosion                                0x0000aebe   Data          20  hw3_images.o(.constdata)
    lostGraph                                0x0000aed2   Data        9600  hw3_images.o(.constdata)
    winGraph                                 0x0000d452   Data        9600  hw3_images.o(.constdata)
    courierNewBitmap                         0x0000f9d2   Data        3040  printstring.o(.constdata)
    Region$$Table$$Base                      0x00010610   Number         0  anon$$obj.o(Region$$Table)
    Region$$Table$$Limit                     0x00010630   Number         0  anon$$obj.o(Region$$Table)
    group                                    0x20000000   Data           8  main.o(.data)
    individual_1                             0x20000008   Data          12  main.o(.data)
    individual_2                             0x20000014   Data          11  main.o(.data)
    myID                                     0x2000001f   Data           5  main.o(.data)
    remoteID                                 0x20000024   Data           5  main.o(.data)
    status_master                            0x20000029   Data           1  main.o(.data)
    status_slave                             0x2000002a   Data           1  main.o(.data)
    state                                    0x2000002b   Data           1  main.o(.data)
    printed_background                       0x2000002c   Data           1  main.o(.data)
    print_left                               0x2000002d   Data           1  main.o(.data)
    print_right                              0x2000002e   Data           1  main.o(.data)
    pin_logic_level                          0x2000002f   Data           1  main.o(.data)
    alert_up                                 0x20000030   Data           1  main.o(.data)
    alert_down                               0x20000031   Data           1  main.o(.data)
    alert_left                               0x20000032   Data           1  main.o(.data)
    alert_right                              0x20000033   Data           1  main.o(.data)
    first_drawn                              0x20000034   Data           1  main.o(.data)
    head_up                                  0x20000035   Data           1  main.o(.data)
    head_down                                0x20000036   Data           1  main.o(.data)
    head_left                                0x20000037   Data           1  main.o(.data)
    head_right                               0x20000038   Data           1  main.o(.data)
    fire_up                                  0x20000039   Data           1  main.o(.data)
    fire_down                                0x2000003a   Data           1  main.o(.data)
    fire_left                                0x2000003b   Data           1  main.o(.data)
    fire_right                               0x2000003c   Data           1  main.o(.data)
    touch_right_border                       0x2000003d   Data           1  main.o(.data)
    touch_left_border                        0x2000003e   Data           1  main.o(.data)
    touch_up_border                          0x2000003f   Data           1  main.o(.data)
    touch_down_border                        0x20000040   Data           1  main.o(.data)
    touch_up                                 0x20000041   Data           1  main.o(.data)
    touch_down                               0x20000042   Data           1  main.o(.data)
    touch_left                               0x20000043   Data           1  main.o(.data)
    touch_right                              0x20000044   Data           1  main.o(.data)
    able_to_fire                             0x20000045   Data           1  main.o(.data)
    steps                                    0x20000048   Data           4  main.o(.data)
    bomb_count                               0x2000004c   Data           4  main.o(.data)
    first_bomb_update_count                  0x20000050   Data           4  main.o(.data)
    second_bomb_update_count                 0x20000054   Data           4  main.o(.data)
    first_explode                            0x20000058   Data           1  main.o(.data)
    second_explode                           0x20000059   Data           1  main.o(.data)
    life_count                               0x2000005c   Data           4  main.o(.data)
    parity                                   0x20000060   Data           4  main.o(.data)
    temp_frequency                           0x20000064   Data           4  main.o(.data)
    temp_frequency_result                    0x20000068   Data           4  main.o(.data)
    UP_SCROLL                                0x2000006c   Data           1  main.o(.data)
    win                                      0x2000006d   Data           1  main.o(.data)
    lose                                     0x2000006e   Data           1  main.o(.data)
    my_kills                                 0x20000070   Data           4  main.o(.data)
    other_kills                              0x20000074   Data           4  main.o(.data)
    monster_count                            0x20000078   Data           4  main.o(.data)
    xvalue                                   0x2000007c   Data           4  main.o(.data)
    yvalue                                   0x20000080   Data           4  main.o(.data)
    already_launched                         0x20000084   Data           1  main.o(.data)
    joystick_int                             0x20000085   Data           1  main.o(.data)
    color_change                             0x20000088   Data           4  main.o(.data)
    ALERT_MISSLE_UPDATE                      0x2000008c   Data           1  main.o(.data)
    ALERT_BOMB_UPDATE1                       0x2000008d   Data           1  main.o(.data)
    GENERATE_MONSTER                         0x2000008e   Data           1  main.o(.data)
    ALERT_MONSTER_UPDATE                     0x2000008f   Data           1  main.o(.data)
    CHANGE_MONSTER_EXPLOSION_UPDATE          0x20000090   Data           1  main.o(.data)
    ALERT_SCORE_UPDATE                       0x20000091   Data           1  main.o(.data)
    COLLISION_HARM                           0x20000092   Data           1  main.o(.data)
    TONE_UPDATE                              0x20000093   Data           1  main.o(.data)
    collision_happened                       0x20000094   Data           1  main.o(.data)
    received_other_result                    0x20000095   Data           1  main.o(.data)
    frequency                                0x20000098   Data           4  main.o(.data)
    joystick_left_right                      0x2000009c   Data           1  main.o(.data)
    joystick_up_down                         0x2000009d   Data           1  main.o(.data)
    tank                                     0x2000009e   Data           4  main.o(.data)
    first_bomb                               0x200000a2   Data           4  main.o(.data)
    second_bomb                              0x200000a6   Data           4  main.o(.data)
    m_head                                   0x200000ac   Data           4  main.o(.data)
    m_curr                                   0x200000b0   Data           4  main.o(.data)
    m_tail                                   0x200000b4   Data           4  main.o(.data)
    monster_head                             0x200000b8   Data           4  main.o(.data)
    monster_curr                             0x200000bc   Data           4  main.o(.data)
    monster_tail                             0x200000c0   Data           4  main.o(.data)
    debounce_cnt                             0x200000e8   Data           1  debounce.o(.data)
    SystemCoreClock                          0x200000ec   Data           4  system_tm4c123.o(.data)
    __stdout                                 0x200000f0   Data           4  stdout.o(.data)
    __microlib_freelist                      0x200000f8   Data           4  mvars.o(.data)
    __microlib_freelist_initialised          0x200000fc   Data           4  mvars.o(.data)
    UART0_Tx_Buffer                          0x20000100   Data          14  serial_debug.o(.bss)
    UART0_Rx_Buffer                          0x2000010e   Data          14  serial_debug.o(.bss)
    __heap_base                              0x20000120   Data           0  startup_tm4c123.o(HEAP)
    __heap_limit                             0x20000120   Data           0  startup_tm4c123.o(HEAP)
    __initial_sp                             0x20001120   Data           0  startup_tm4c123.o(STACK)



==============================================================================

Memory Map of the image

  Image Entry point : 0x00005815

  Load Region LR_1 (Base: 0x00000000, Size: 0x00010730, Max: 0xffffffff, ABSOLUTE)

    Execution Region ER_RO (Exec base: 0x00000000, Load base: 0x00000000, Size: 0x00010630, Max: 0xffffffff, ABSOLUTE)

    Exec Addr    Load Addr    Size         Type   Attr      Idx    E Section Name        Object

    0x00000000   0x00000000   0x0000026c   Data   RO          630    RESET               startup_tm4c123.o
    0x0000026c   0x0000026c   0x00000000   Code   RO          771  * .ARM.Collect$$$$00000000  mc_w.l(entry.o)
    0x0000026c   0x0000026c   0x00000004   Code   RO         1073    .ARM.Collect$$$$00000001  mc_w.l(entry2.o)
    0x00000270   0x00000270   0x00000004   Code   RO         1076    .ARM.Collect$$$$00000004  mc_w.l(entry5.o)
    0x00000274   0x00000274   0x00000000   Code   RO         1078    .ARM.Collect$$$$00000008  mc_w.l(entry7b.o)
    0x00000274   0x00000274   0x00000000   Code   RO         1080    .ARM.Collect$$$$0000000A  mc_w.l(entry8b.o)
    0x00000274   0x00000274   0x00000008   Code   RO         1081    .ARM.Collect$$$$0000000B  mc_w.l(entry9a.o)
    0x0000027c   0x0000027c   0x00000000   Code   RO         1083    .ARM.Collect$$$$0000000D  mc_w.l(entry10a.o)
    0x0000027c   0x0000027c   0x00000000   Code   RO         1085    .ARM.Collect$$$$0000000F  mc_w.l(entry11a.o)
    0x0000027c   0x0000027c   0x00000004   Code   RO         1074    .ARM.Collect$$$$00002712  mc_w.l(entry2.o)
    0x00000280   0x00000280   0x000032e0   Code   RO            4    .text               main.o
    0x00003560   0x00003560   0x00000168   Code   RO          166    .text               mcp23017.o
    0x000036c8   0x000036c8   0x00000074   Code   RO          190    .text               debounce.o
    0x0000373c   0x0000373c   0x00000134   Code   RO          217    .text               printstring.o
    0x00003870   0x00003870   0x000000b0   Code   RO          247    .text               pwm.o
    0x00003920   0x00003920   0x00000164   Code   RO          271    .text               adc.o
    0x00003a84   0x00003a84   0x000002ac   Code   RO          299    .text               gpio_port.o
    0x00003d30   0x00003d30   0x0000035c   Code   RO          323    .text               timers.o
    0x0000408c   0x0000408c   0x00000208   Code   RO          351    .text               i2c.o
    0x00004294   0x00004294   0x0000027c   Code   RO          375    .text               uart.o
    0x00004510   0x00004510   0x0000008a   Code   RO          396    .text               pc_buffer.o
    0x0000459a   0x0000459a   0x00000002   PAD
    0x0000459c   0x0000459c   0x000000c8   Code   RO          414    .text               launchpad_io.o
    0x00004664   0x00004664   0x00000494   Code   RO          438    .text               lcd.o
    0x00004af8   0x00004af8   0x00000058   Code   RO          468    .text               ps2.o
    0x00004b50   0x00004b50   0x00000208   Code   RO          492    .text               serial_debug.o
    0x00004d58   0x00004d58   0x000001f8   Code   RO          528    .text               ft6x06.o
    0x00004f50   0x00004f50   0x00000694   Code   RO          552    .text               wireless.o
    0x000055e4   0x000055e4   0x0000018c   Code   RO          583    .text               spi.o
    0x00005770   0x00005770   0x000000a4   Code   RO          607    .text               spi_select.o
    0x00005814   0x00005814   0x000000fc   Code   RO          631  * .text               startup_tm4c123.o
    0x00005910   0x00005910   0x00000250   Code   RO          638    .text               system_tm4c123.o
    0x00005b60   0x00005b60   0x00000400   Code   RO          668    .text               ECE353-Validate.lib(validate_uart.o)
    0x00005f60   0x00005f60   0x000001cc   Code   RO          750    .text               ECE353-Validate.lib(validate_sysctl.o)
    0x0000612c   0x0000612c   0x00000024   Code   RO          775    .text               mc_w.l(rand.o)
    0x00006150   0x00006150   0x00000024   Code   RO          778    .text               mc_w.l(memcpya.o)
    0x00006174   0x00006174   0x0000000e   Code   RO          780    .text               mc_w.l(strlen.o)
    0x00006182   0x00006182   0x0000002c   Code   RO         1087    .text               mc_w.l(uidiv.o)
    0x000061ae   0x000061ae   0x00000002   PAD
    0x000061b0   0x000061b0   0x00000024   Code   RO         1104    .text               mc_w.l(init.o)
    0x000061d4   0x000061d4   0x00000020   Code   RO          939    i.__0printf$6       mc_w.l(printf6.o)
    0x000061f4   0x000061f4   0x00000028   Code   RO          941    i.__0sprintf$6      mc_w.l(printf6.o)
    0x0000621c   0x0000621c   0x0000000e   Code   RO         1116    i.__scatterload_copy  mc_w.l(handlers.o)
    0x0000622a   0x0000622a   0x00000002   Code   RO         1117    i.__scatterload_null  mc_w.l(handlers.o)
    0x0000622c   0x0000622c   0x0000000e   Code   RO         1118    i.__scatterload_zeroinit  mc_w.l(handlers.o)
    0x0000623a   0x0000623a   0x00000002   PAD
    0x0000623c   0x0000623c   0x000002f0   Code   RO          946    i._printf_core      mc_w.l(printf6.o)
    0x0000652c   0x0000652c   0x00000024   Code   RO          947    i._printf_post_padding  mc_w.l(printf6.o)
    0x00006550   0x00006550   0x0000002e   Code   RO          948    i._printf_pre_padding  mc_w.l(printf6.o)
    0x0000657e   0x0000657e   0x0000000a   Code   RO          950    i._sputc            mc_w.l(printf6.o)
    0x00006588   0x00006588   0x00000050   Code   RO         1045    i.free              mc_w.l(malloc.o)
    0x000065d8   0x000065d8   0x0000004c   Code   RO          456    i.lcd_write_data_u16  lcd.o
    0x00006624   0x00006624   0x0000006c   Code   RO         1046    i.malloc            mc_w.l(malloc.o)
    0x00006690   0x00006690   0x00009342   Data   RO          146    .constdata          hw3_images.o
    0x0000f9d2   0x0000f9d2   0x00000be0   Data   RO          218    .constdata          printstring.o
    0x000105b2   0x000105b2   0x00000002   PAD
    0x000105b4   0x000105b4   0x0000005c   Data   RO          669    .conststring        ECE353-Validate.lib(validate_uart.o)
    0x00010610   0x00010610   0x00000020   Data   RO         1114    Region$$Table       anon$$obj.o


    Execution Region ER_RW (Exec base: 0x20000000, Load base: 0x00010630, Size: 0x00000100, Max: 0xffffffff, ABSOLUTE)

    Exec Addr    Load Addr    Size         Type   Attr      Idx    E Section Name        Object

    0x20000000   0x00010630   0x000000e8   Data   RW            5    .data               main.o
    0x200000e8   0x00010718   0x00000001   Data   RW          191    .data               debounce.o
    0x200000e9   0x00010719   0x00000002   Data   RW          494    .data               serial_debug.o
    0x200000eb   0x0001071b   0x00000001   PAD
    0x200000ec   0x0001071c   0x00000004   Data   RW          639    .data               system_tm4c123.o
    0x200000f0   0x00010720   0x00000004   Data   RW          774    .data               mc_w.l(stdout.o)
    0x200000f4   0x00010724   0x00000004   Data   RW          776    .data               mc_w.l(rand.o)
    0x200000f8   0x00010728   0x00000004   Data   RW         1091    .data               mc_w.l(mvars.o)
    0x200000fc   0x0001072c   0x00000004   Data   RW         1092    .data               mc_w.l(mvars.o)


    Execution Region ER_ZI (Exec base: 0x20000100, Load base: 0x00010730, Size: 0x00001020, Max: 0xffffffff, ABSOLUTE)

    Exec Addr    Load Addr    Size         Type   Attr      Idx    E Section Name        Object

    0x20000100        -       0x0000001c   Zero   RW          493    .bss                serial_debug.o
    0x2000011c   0x00010730   0x00000004   PAD
    0x20000120        -       0x00000000   Zero   RW          629    HEAP                startup_tm4c123.o
    0x20000120        -       0x00001000   Zero   RW          628    STACK               startup_tm4c123.o

